@saao/saa01%akk-x-neoass:E₂.ŠAR₂.RA{KI}=Ešarra[1//1]TN'TN$Ešarra	qpn-x-temple.x000072
{bit Šamaš[Temple of Šamaš//Temple of Šamaš]TN'TN}::@saao%akk-x-neoass:E₂-{d}UTU=bītu[house//house]N'N$bēt++@saao%akk-x-neoass:E₂-{d}UTU=Šamaš[1//1]DN'DN$Šamaš	qpn-x-temple.x000064
{bit Adad ša zunni[Temple of Adad-of-the-Rain//Temple of Adad-of-the-Rain]TN'TN}::@saao%akk-x-neoass:E₂-{d}IM-ša₂-zu-un-ni=bītu[house//house]N'N$bēt++@saao%akk-x-neoass:E₂-{d}IM-ša₂-zu-un-ni=Adad[1//1]DN'DN$Adad++@saao%akk-x-neoass:E₂-{d}IM-ša₂-zu-un-ni=ša[of//of]DET'DET$ša++@saao%akk-x-neoass:E₂-{d}IM-ša₂-zu-un-ni=zunnu[rain//rain]N'N$zunni	qpn-x-temple.x000000
{bit Sin[Temple of Sin//Temple of Sin]TN'TN}::@saao%akk-x-neoass:E₂-{d}30=bītu[house//house]N'N$bēt++@saao%akk-x-neoass:E₂-{d}30=Sin[1//1]DN'DN$Sin	qpn-x-temple.x000056
{bit Nabu[Temple of Nabu//Temple of Nabu]TN'TN}::@saao%akk-x-neoass:E₂-{d}AG=bītu[house//house]N'N$bēt++@saao%akk-x-neoass:E₂-{d}AG=Nabu[1//1]DN'DN$Nabu	qpn-x-temple.x000032
@saao/saa01%akk-x-neoass:E₂.ŠAR₂.RA=Ešarra[1//1]TN'TN$Ešarra	qpn-x-temple.x000072
{bit Sebetti[Sebettu temple//Sebettu temple]TN'TN}::@saao%akk-x-neoass:E₂-{d}7.BI=bītu[house//house]N'N$bēt++@saao%akk-x-neoass:E₂-{d}7.BI=Sebetti[1//1]CN'CN$Sebetti	qpn-x-temple.x000048
{bit Nikkal[Temple of Nikkal//Temple of Nikkal]TN'TN}::@saao%akk-x-neoass:E₂-{d}NIN.GAL=bītu[house//house]N'N$bēt++@saao%akk-x-neoass:E₂-{d}NIN.GAL=Nikkal[1//1]DN'DN$Nikkal	qpn-x-temple.x000040
{bit Kidmuri[Kidmuri temple//Kidmuri temple]TN'TN}::@saao%akk-x-neoass:E₂-kad-mu-ri=bītu[house//house]N'N$bēt++@saao%akk-x-neoass:E₂-kad-mu-ri=Kidmuri[1//1]DN'DN$Kadmuri	qpn-x-temple.x000024
@saao/saa01%akk-x-neoass:BARAG-NAM-MEŠ=Parak-šimati[Throne-of-Destiny//Throne-of-Destiny]TN'TN$Parak-šimati	qpn-x-temple.x000084
{bit Aššur[Temple of Aššur//1]TN'TN}::@saao%akk-x-neoass:E₂-aš-šur=bītu[house//house]N'N$bēt++@saao%akk-x-neoass:E₂-aš-šur=Aššur[1//1]DN'DN$Aššur	qpn-x-temple.x000008
{bit Ištar[Temple of Issar//Temple of Issar]TN'TN}::@saao%akk-x-neoass:E₂-{d}15=bītu[house//house]N'N$bēt++@saao%akk-x-neoass:E₂-{d}15=Ištar[1//1]DN'DN$Issar	qpn-x-temple.x000016
