@saao/saa01%akk-x-neoass:{1}EN-IGI-an-ni=Bel-emuranni[1//1]PN'PN$Bel-emuranni	qpn.x000830
{dir Addari[Intercalary Adar//Intercalary Adar]MN'MN}::@saao%akk-x-neoass:{ITI}DIRI.ŠE=dīru[intercalation//intercalation]N'N$dīr++@saao%akk-x-neoass:{ITI}DIRI.ŠE=Addaru[Adar//Adar]MN'MN$Addari	qpn.x001102
@saao/saa01%akk-x-neoass:{URU}UNUG{KI}-a.a=Urukaya[Urukean//Urukean]EN'EN$Urukaya	qpn.x003814
@saao/saa01%akk-x-neoass:{KUR}zu-hi=Suhu[1//1]GN'GN$Zuhi	qpn.x003184
@saao/saa01%akk-x-neoass:{KUR}ia-u₂-da-a.a=Yaʾudaya[Judean//Judean]EN'EN$Yaʾudaya	qpn.x003870
@saao/saa01%akk-x-neoass:{KUR}an-qar-ru-na-a.a=Amqarrunaya[Ekronite//Ekronite]EN'EN$Anqarrunaya	qpn.x000216
@saao/saa01%akk-x-neoass:{URU}ša₂-bi-ri-šu₂=Šabirešu[1//1]GN'GN$Šabirešu	qpn.x003284
@saao/saa01%akk-x-neoass:{ID₂}ma-li-a-su-u₂=Maliasu[1//1]WN'WN$Maliasu	qpn.x002152
@saao/saa01%akk-x-neoass:{d}UTU=Šamaš[1//1]DN'DN$Šamaš	qpn.x003304
@saao/saa01%akk-x-neoass:{d}AMAR=Buru[1//1]DN'DN$Buru	qpn.x001020
@saao/saa01%akk-x-neoass:{ITI}KIN=Elulu[Elul//Elul]MN'MN$Eluli	qpn.x001228
@saao/saa01%akk-x-neoass:{KUR}ma-ʾa-ba-a.a=Maʾabaya[Moabite//Moabite]EN'EN$Maʾabaya	qpn.x002136
@saao/saa01%akk-x-neoass:{URU}kal-ha=Kalhu[1//1]GN'GN$Kalha	qpn.x001790
@saao/saa01%akk-x-neoass:{1}u₂-ri-ik=Urik[1//1]PN'PN$Urik	qpn.x003798
@saao/saa01%akk-x-neoass:{KUR}ha-ma-ta-a.a=Hamataya[from Hamath//from Hamath]EN'EN$Hamataya	qpn.x001436
@saao/saa01%akk-x-neoass:{URU}ne₂-med-15=Nemed-Ištar[1//1]GN'GN$Nemed-Ištar	qpn.x002662
@saao/saa01%akk-x-neoass:{1}{d}PA-ṣal-la=Nabu-uṣalla[1//1]PN'PN$Nabu-ṣalla	qpn.x002584
@saao/saa01%akk-x-neoass:{KUR}lab-du-du=Labdudu[1//1]GN'GN$Labdudu	qpn.x002040
@saao/saa01%akk-x-neoass:{URU}a-tu₂-na-a.a=Atunnaya[1//1]EN'EN$Atunnaya	qpn.x000636
@saao/saa01%akk-x-neoass:{1}ki-la-ar=Kilar[1//1]PN'PN$Kilar	qpn.x001880
@saao/saa01%akk-x-neoass:{KUR}ha-lah₂-hi=Halahhu[1//1]GN'GN$Halahhi	qpn.x001380
@saao/saa01%akk-x-neoass:{URU}HAL.ṢU-a.a=Birataya[Biratean//Biratean]EN'EN$Birataya	qpn.x000886
@saao/saa01%akk-x-neoass:{KUR}hal-zi=Halzu[1//1]GN'GN$Halzi	qpn.x001420
@saao/saa01%akk-x-neoass:{URU}za-he-e=Zahe[1//1]GN'GN$Zahe	qpn.x003924
@saao/saa01%akk-x-neoass:{URU}gar-ga-mis=Gargamis[Carchemish//Carchemish]GN'GN$Gargamis	qpn.x001288
@saao/saa01%akk-x-neoass:{URU}ku-lu-man=Kuluman[1//1]GN'GN$Kuluman	qpn.x001960
@saao/saa01%akk-x-neoass:{KUR}hal-zi-AD.BAR=Halzi-atbar[1//1]GN'GN$Halzi-atbar	qpn.x001412
@saao/saa01%akk-x-neoass:{1}iš-pa-ba-ra=Ašpa-bara[1//1]PN'PN$Išpa-bara	qpn.x000452
@saao/saa01%akk-x-neoass:{KUR}ba-an-am-ma-na-a.a=Ban-Ammanaya[Ammonite//Ammonite]EN'EN$Ban-Ammanaya	qpn.x000736
@saao/saa01%akk-x-neoass:{KUR}il-li-pa=Ellipi[1//1]GN'GN$Illipa	qpn.x001220
@saao/saa01%akk-x-neoass:{d}U.GUR=Nergal[1//1]DN'DN$Nergal	qpn.x002682
@saao/saa01%akk-x-neoass:{KUR}uk-ka-a.a=Ukkaya[Ukkean//Ukkean]EN'EN$Ukkaya	qpn.x003714
@saao/saa01%akk-x-neoass:{1}lu-tu-u₂=Lutu[1//1]PN'PN$Lutu	qpn.x002128
@saao/saa01%akk-x-neoass:{URU}01-te=Issete[1//1]GN'GN$Issete	qpn.x001710
@saao/saa01%akk-x-neoass:{KUR}ku-ki-bi=Kukab[1//1]GN'GN$Kukibi	qpn.x001952
@saao/saa01%akk-x-neoass:{1}{d}UTU-DINGIR-a.a=Šamaš-ilaʾi[1//1]PN'PN$Šamaš-ilaʾi	qpn.x003332
@saao/saa01%akk-x-neoass:{1}la-bar-mu-u=Labarmu[1//1]PN'PN$Labarmu	qpn.x002024
@saao/saa01%akk-x-neoass:{URU}til-le-e=Tille[1//1]GN'GN$Tille	qpn.x003546
@saao/saa01%akk-x-neoass:{KUR}E₂-bar-ru-e=Bit-Barru[1//1]GN'GN$Bit-Barrue	qpn.x001004
@saao/saa01%akk-x-neoass:{1}{d}AMAR.UTU-SU=Marduk-eriba[1//1]PN'PN$Marduk-eriba	qpn.x002256
@saao/saa01%akk-x-neoass:{KUR}ru-qa-ha-a.a=Ruqahaya[Ruqahu//Ruqahu]EN'EN$Ruqahaya	qpn.x002934
@saao/saa01%akk-x-neoass:{ITI}APIN=Arahsamnu[Marchesvan//Marchesvan]MN'MN$Arahsamni	qpn.x000264
@saao/saa01%akk-x-neoass:{1}bal-ṭi-iq-bi=Balṭi-iqbi[1//1]PN'PN$Balṭi-iqbi	qpn.x000720
@saao/saa01%akk-x-neoass:{KUR}hal-lat-a-a=Hallataya[Hallatu//Hallatu]GN'GN$Hallataya	qpn.x001404
@saao/saa01%akk-x-neoass:{ID₂}ha-di-na=Hadina[1//1]WN'WN$Hadina	qpn.x001372
@saao/saa01%akk-x-neoass:{KUR}su-ha-a.a=Suhaya[from Suhu//from Suhu]EN'EN$Suhaya	qpn.x003176
@saao/saa01%akk-x-neoass:{1}{d}sa-am-nu-hu-U-PAB=Samnuha-belu-uṣur[1//1]PN'PN$Samnuhu-belu-uṣur	qpn.x002982
@saao/saa01%akk-x-neoass:{URU}zab-ban=Zabban[1//1]GN'GN$Zabban	qpn.x003900
@saao/saa01%akk-x-neoass:{1}EN-BAD₃=Bel-duri[1//1]PN'PN$Bel-duri	qpn.x000822
@saao/saa01%akk-x-neoass:{1}tak-lak-EN=Taklak-ana-Bel[1//1]PN'PN$Taklak-Bel	qpn.x003468
@saao/saa01%akk-x-neoass:{1}ba-la-su=Balassu[1//1]PN'PN$Balassu	qpn.x000712
@saao/saa01%akk-x-neoass:{1}ki-ba-ba-še=Kibabiše[1//1]PN'PN$Kibabaše	qpn.x001872
@saao/saa01%akk-x-neoass:{1}{d}AMAR.UTU-rem₂-a-ni=Marduk-remanni[1//1]PN'PN$Marduk-remanni	qpn.x002268
@saao/saa01%akk-x-neoass:{KUR}u₂-ka-a.a=Ukkaya[Ukkean//Ukkean]EN'EN$Ukkaya	qpn.x003714
@saao/saa01%akk-x-neoass:{d}ša₂-maš=Šamaš[1//1]DN'DN$Šamaš	qpn.x003304
@saao/saa01%akk-x-neoass:{URU}mu-ti-an-ni=Mutianni[1//1]GN'GN$Mutianni	qpn.x002416
@saao/saa01%akk-x-neoass:{URU}si-ʾi-me-e=Siʾimme[1//1]GN'GN$Siʾimme	qpn.x003064
@saao/saa01%akk-x-neoass:{1}SAG.DU-a-nu=Kaqqadanu[1//1]PN'PN$Kaqqadanu	qpn.x001840
@saao/saa01%akk-x-neoass:{URU}na-ṣib-na=Naṣibina[1//1]GN'GN$Naṣibina	qpn.x002642
{bit Nabu[Temple of Nabu//Temple of Nabu]TN'TN}::@saao%akk-x-neoass:E₂-{d}AG=bītu[house//house]N'N$bēt++@saao%akk-x-neoass:E₂-{d}AG=Nabu[1//1]DN'DN$Nabu	qpn.x000956
@saao/saa01%akk-x-neoass:{URU}ne₂-ri-bi=Nerab[1//1]GN'GN$Neribi	qpn.x002674
@saao/saa01%akk-x-neoass:{URU}ar-pad-da=Arpadda[Arpad//Arpad]GN'GN$Arpadda	qpn.x000358
@saao/saa01%akk-x-neoass:{1}me-ta-a=Mita[Midas//Midas]PN'PN$Meta	qpn.x002360
@saao/saa01%akk-x-neoass:{URU}ni-nu-a=Ninua[Nineveh//Nineveh]GN'GN$Ninua	qpn.x002714
@saao/saa01%akk-x-neoass:{1}10-KI-ia=Adad-isseʾa[1//1]PN'PN$Adad-isseʾa	qpn.x000060
@saao/saa01%akk-x-neoass:NINA{KI}=Ninua[Nineveh//Nineveh]GN'GN$Ninua	qpn.x002714
@saao/saa01%akk-x-neoass:KA₂.DINGIR{KI}=Babili[Babylon//Babylon]GN'GN$Babili	qpn.x000666
@saao/saa01%akk-x-neoass:{ITI}SIG₄=Simanu[Sivan//Sivan]MN'MN$Simani	qpn.x003096
@saao/saa01%akk-x-neoass:{1}AMAR.UTU-SU=Marduk-eriba[1//1]PN'PN$Marduk-eriba	qpn.x002256
@saao/saa01%akk-x-neoass:{1}ra-ṣa-pa-a.a=Raṣappaya[1//1]PN'PN$Raṣappaya	qpn.x002910
@saao/saa01%akk-x-neoass:{KUR}ku-ma-a.a=Kummaya[Kummean//Kummean]EN'EN$Kummaya	qpn.x001968
@saao/saa01%akk-x-neoass:{1}tak-lak-a-na-EN=Taklak-ana-Bel[1//1]PN'PN$Taklak-ana-Bel	qpn.x003468
@saao/saa01%akk-x-neoass:{1}{d}MAŠ-DINGIR-a.a=Inurta-ilaʾi[1//1]PN'PN$Inurta-ilaʾi	qpn.x001686
@saao/saa01%akk-x-neoass:{d}PA=Nabu[1//1]DN'DN$Nabu	qpn.x002432
@saao/saa01%akk-x-neoass:{1}{d}UTU-PAB-AŠ=Šamaš-ahu-iddina[1//1]PN'PN$Šamaš-ahu-iddina	qpn.x003316
@saao/saa01%akk-x-neoass:{1}{d}IM-ib-ni=Adad-ibni[1//1]PN'PN$Adad-ibni	qpn.x000040
@saao/saa01%akk-x-neoass:{URU}sa-pir-ri-te=Sapirrutu[1//1]GN'GN$Sapirrite	qpn.x003016
@saao/saa01%akk-x-neoass:{URU}u₂-ba-se-e=Ubase[1//1]GN'GN$Ubase	qpn.x003674
@saao/saa01%akk-x-neoass:{1}{d}PA-u₂-ṣal-la=Nabu-uṣalla[1//1]PN'PN$Nabu-uṣalla	qpn.x002584
@saao/saa01%akk-x-neoass:{URU}arba-il₃=Arbail[Arbela//Arbela]GN'GN$Arbail	qpn.x000272
@saao/saa01%akk-x-neoass:{KUR}bi-ra-ta-a.a=Birataya[Biratean//Biratean]EN'EN$Birataya	qpn.x000886
@saao/saa01%akk-x-neoass:{1}hu-li-i=Huli[1//1]PN'PN$Huli	qpn.x001566
@saao/saa01%akk-x-neoass:{URU}ba-qar=Baqarru[1//1]GN'GN$Baqar	qpn.x000744
@saao/saa01%akk-x-neoass:{1}GIR₃.2-aš-šur=Šep-Aššur[1//1]PN'PN$Šep-Aššur	qpn.x003380
{bit Nikkal[Temple of Nikkal//Temple of Nikkal]TN'TN}::@saao%akk-x-neoass:E₂-{d}NIN.GAL=bītu[house//house]N'N$bēt++@saao%akk-x-neoass:E₂-{d}NIN.GAL=Nikkal[1//1]DN'DN$Nikkal	qpn.x000964
@saao/saa01%akk-x-neoass:{1}{d}IM-rem₂-an-ni=Adad-remanni[1//1]PN'PN$Adad-remanni	qpn.x000076
@saao/saa01%akk-x-neoass:{URU}tar-qu-na-ni=Tarqunani[1//1]GN'GN$Tarqunani	qpn.x003498
@saao/saa01%akk-x-neoass:{ITI}DU₆=Tašritu[Tishri//Tishri]MN'MN$Tašriti	qpn.x003538
@saao/saa01%akk-x-neoass:{KUR}la-qa-a.a=Laqaya[from Laqe//from Laqe]EN'EN$Laqaya	qpn.x002056
@saao/saa01%akk-x-neoass:{ID₂}tar-ta-ri=Tartara[1//1]WN'WN$Tartari	qpn.x003514
@saao/saa01%akk-x-neoass:{1}aš-šur-SUM-PAB-MEŠ=Aššur-nadin-ahhe[1//1]PN'PN$Aššur-nadin-ahhe	qpn.x000572
@saao/saa01%akk-x-neoass:{URU}ṣi-mi-ri=Ṣimirra[1//1]GN'GN$Ṣimirra	qpn.x003246
@saao/saa01%akk-x-neoass:{1}du-gul-IGI-DINGIR=Dugul-pan-ili[1//1]PN'PN$Dugul-pan-ili	qpn.x001110
@saao/saa01%akk-x-neoass:{URU}kur-ba-il₃=Kurbail[1//1]GN'GN$Kurbail	qpn.x002008
@saao/saa01%akk-x-neoass:{1}{d}PA-BAD₃-ma-ki-e=Nabu-dur-maki[1//1]PN'PN$Nabu-dur-maki	qpn.x002500
@saao/saa01%akk-x-neoass:{KUR}hab-ru-ri=Habruri[1//1]GN'GN$Habruri	qpn.x001364
@saao/saa01%akk-x-neoass:{1}li-li-i=Lili[1//1]PN'PN$Lili	qpn.x002096
{bit Sebetti[Sebettu temple//Sebettu temple]TN'TN}::@saao%akk-x-neoass:E₂-{d}7.BI=bītu[house//house]N'N$bēt++@saao%akk-x-neoass:E₂-{d}7.BI=Sebetti[1//1]CN'CN$Sebetti	qpn.x000972
@saao/saa01%akk-x-neoass:{URU}ŠA₃-URU=Libbi-ali[Inner City (Assur)//Inner City (Assur)]GN'GN$Libbi-ali	qpn.x002088
{bit Kidmuri[Kidmuri temple//Kidmuri temple]TN'TN}::@saao%akk-x-neoass:E₂-kad-mu-ri=bītu[house//house]N'N$bēt++@saao%akk-x-neoass:E₂-kad-mu-ri=Kidmuri[1//1]DN'DN$Kadmuri	qpn.x000948
@saao/saa01%akk-x-neoass:{1}HAL-a-ni-aš-šur=Išmanni-Aššur[1//1]PN'PN$Išmanni-Aššur	qpn.x001726
@saao/saa01%akk-x-neoass:{1}MAN-lu-da₃-ri=Šarru-lu-dari[1//1]PN'PN$Šarru-lu-dari	qpn.x003360
@saao/saa01%akk-x-neoass:{URU}si-par=Sippar[1//1]GN'GN$Sippar	qpn.x003168
@saao/saa01%akk-x-neoass:{URU}tar-ba-si-ba-a.a=Til-Barsipaya[from Til-Barsip//from Til-Barsip]EN'EN$Tarbasibaya	qpn.x003584
@saao/saa01%akk-x-neoass:{d}EN=Bel[1//1]DN'DN$Bel	qpn.x000782
@saao/saa01%akk-x-neoass:{d}30=Sin[1//1]DN'DN$Sin	qpn.x003104
@saao/saa01%akk-x-neoass:{1}ri-mu-te=Remutu[1//1]PN'PN$Remute	qpn.x002926
@saao/saa01%akk-x-neoass:{1}arba-il₃-a.a=Arbailayu[1//1]PN'PN$Arbailaya	qpn.x000280
@saao/saa01%akk-x-neoass:{URU}BAD₃-MAN-GI.NA=Dur-Šarruken[1//1]GN'GN$Dur-Šarruken	qpn.x001150
@saao/saa01%akk-x-neoass:{URU}ar-gi-te=Argite[1//1]GN'GN$Argite	qpn.x000306
@saao/saa01%akk-x-neoass:{KUR}il-la-ba-a-ni=Illabani[1//1]GN'GN$Illabani	qpn.x001622
@saao/saa01%akk-x-neoass:{URU}u₂-pi-a=Upi[Opis//Opis]GN'GN$Upia	qpn.x003738
@saao/saa01%akk-x-neoass:{URU}mu-ṣa-ṣir-a.a=Muṣaṣiraya[1//1]EN'EN$Muṣaṣiraya	qpn.x002400
@saao/saa01%akk-x-neoass:{URU}ši-i-tab-ni=Šitabni[1//1]GN'GN$Šitabni	qpn.x003396
@saao/saa01%akk-x-neoass:{URU}sa-za-na-a=Sazana[1//1]GN'GN$Sazana	qpn.x003036
@saao/saa01%akk-x-neoass:{1}30-PAB-MEŠ-SU=Sin-ahhe-eriba[Sennacherib//Sennacherib]PN'PN$Sin-ahhe-eriba	qpn.x003140
@saao/saa01%akk-x-neoass:E₂.ŠAR₂.RA{KI}=Ešarra[1//1]TN'TN$Ešarra	qpn.x001252
@saao/saa01%akk-x-neoass:{d}NIN.LIL₂=Mullissu[1//1]DN'DN$Mullissu	qpn.x002368
@saao/saa01%akk-x-neoass:{1}DUG₃.GA-IM-{d}aš-šur=Ṭab-šar-Aššur[1//1]PN'PN$Ṭab-šar-Aššur	qpn.x003650
@saao/saa01%akk-x-neoass:{LU₂}uk-ka-a.a=Ukkaya[Ukkean//Ukkean]EN'EN$Ukkaya	qpn.x003714
@saao/saa01%akk-x-neoass:{URU}kal-hi=Kalhu[1//1]GN'GN$Kalhi	qpn.x001790
@saao/saa01%akk-x-neoass:{1}pa-ta-mu-u=Patamu[1//1]PN'PN$Patamu	qpn.x002790
@saao/saa01%akk-x-neoass:{LU₂}ru-qa-ha-a.a=Ruqahaya[Ruqahu//Ruqahu]EN'EN$Ruqahaya	qpn.x002934
@saao/saa01%akk-x-neoass:{KUR}sa-mir-na-a.a=Samirinaya[Samarian//Samarian]EN'EN$Samirnaya	qpn.x002974
@saao/saa01%akk-x-neoass:{1}qa-ni-e=Qanni[1//1]PN'PN$Qanni	qpn.x002822
@saao/saa01%akk-x-neoass:{KUR}ru-qa-ha-a-a=Ruqahaya[Ruqahu//Ruqahu]EN'EN$Ruqahaya	qpn.x002934
@saao/saa01%akk-x-neoass:{1}{d}PA-EN-MU-MEŠ=Nabu-bel-šumati[1//1]PN'PN$Nabu-bel-šumati	qpn.x002468
@saao/saa01%akk-x-neoass:{URU}BAD₃=Duru[1//1]GN'GN$Duru	qpn.x001126
@saao/saa01%akk-x-neoass:{KUR}i-tu₂-ʾa-a.a=Ituʾaya[Ituʾean//Ituʾean]EN'EN$Ituʾaya	qpn.x001754
@saao/saa01%akk-x-neoass:{1}DUG₃.GA-GIŠ.MI-E₂.ŠAR₂.RA=Ṭab-ṣil-Ešarra[1//1]PN'PN$Ṭab-ṣil-Ešarra	qpn.x003630
@saao/saa01%akk-x-neoass:{KUR}ta-bal=Tabalu[Tabal//Tabal]GN'GN$Tabal	qpn.x003436
@saao/saa01%akk-x-neoass:{KUR}ni-pu-ri=Nipur[1//1]GN'GN$Nipuri	qpn.x002738
@saao/saa01%akk-x-neoass:{1}aš-šur-MAŠ=Aššur-ašared[1//1]PN'PN$Aššur-ašared	qpn.x000492
@saao/saa01%akk-x-neoass:{URU}ka-sa-pa=Kasappa[1//1]GN'GN$Kasappa	qpn.x001856
@saao/saa01%akk-x-neoass:{1}aš-šur-da-lal=Aššur-dalal[1//1]PN'PN$Aššur-dalal	qpn.x000540
@saao/saa01%akk-x-neoass:{KUR}bi-ra-a-te=Birate[1//1]GN'GN$Birate	qpn.x000902
@saao/saa01%akk-x-neoass:{LU₂}na-bat-a.a=Nabataya[1//1]EN'EN$Nabataya	qpn.x002424
@saao/saa01%akk-x-neoass:{1}na-a-ni=Nani[1//1]PN'PN$Nani	qpn.x002630
@saao/saa01%akk-x-neoass:{KUR}ha-ma-te=Hamat[Hamath//Hamath]GN'GN$Hamate	qpn.x001428
@saao/saa01%akk-x-neoass:BARAG-NAM-MEŠ=Parak-šimati[Throne-of-Destiny//Throne-of-Destiny]TN'TN$Parak-šimati	qpn.x002782
@saao/saa01%akk-x-neoass:{1}{d}PA-U-PAB=Nabu-belu-uṣur[1//1]PN'PN$Nabu-belu-uṣur	qpn.x002460
@saao/saa01%akk-x-neoass:{URU}BAD₃-MAN-GIN=Dur-Šarruken[1//1]GN'GN$Dur-Šarruken	qpn.x001150
@saao/saa01%akk-x-neoass:{1}SIG₄-a.a=Simanayu[1//1]PN'PN$Simanaya	qpn.x003088
@saao/saa01%akk-x-neoass:{URU}hi-in-za-ni=Hindanu[1//1]GN'GN$Hinzani	qpn.x001512
@saao/saa01%akk-x-neoass:{URU}he-en-za-na=Hindanu[1//1]GN'GN$Henzana	qpn.x001512
@saao/saa01%akk-x-neoass:mad-a.a=Madaya[1//1]GN'GN$Madaya	qpn.x002144
@saao/saa01%akk-x-neoass:{1}hal-di-PAB=Haldi-naṣir[1//1]PN'PN$Haldi-naṣir	qpn.x001396
@saao/saa01%akk-x-neoass:{1}{d}PA-NUMUN-GIN-GIŠ=Nabu-zer-ketti-lešir[1//1]PN'PN$Nabu-zer-ketti-lešir	qpn.x002598
@saao/saa01%akk-x-neoass:{1}SUHUŠ-KA₂.DINGIR=Ubru-Babili[1//1]PN'PN$Ubru-Babili	qpn.x003682
@saao/saa01%akk-x-neoass:{URU}la-rak=Larak[1//1]GN'GN$Larak	qpn.x002072
@saao/saa01%akk-x-neoass:{1}IM-DU₃=Adad-ibni[1//1]PN'PN$Adad-ibni	qpn.x000040
@saao/saa01%akk-x-neoass:{1}a-ba-tu₂=Abattu[1//1]PN'PN$Abattu	qpn.x000000
@saao/saa01%akk-x-neoass:{KUR}qu-u-a.a=Quwaya[from Quwe//from Quwe]EN'EN$Quwaya	qpn.x002858
@saao/saa01%akk-x-neoass:{URU}ku-ma-a.a=Kummaya[Kummean//Kummean]EN'EN$Kummaya	qpn.x001968
@saao/saa01%akk-x-neoass:{ITI}ŠE=Addaru[Adar//Adar]MN'MN$Addari	qpn.x000084
@saao/saa01%akk-x-neoass:aš-šur-UR.MAH-MEŠ=Aššur-neše[Aššur-of-Lions//Aššur-of-Lions]GN'GN$Aššur-neše	qpn.x000580
@saao/saa01%akk-x-neoass:{KUR}u₂-a-za-un=Wazaun[1//1]GN'GN$Wazaun	qpn.x003846
@saao/saa01%akk-x-neoass:{URU}tar-bu-si-ib-a.a=Til-Barsipaya[from Til-Barsip//from Til-Barsip]EN'EN$Tarbusibaya	qpn.x003584
@saao/saa01%akk-x-neoass:{KUR}mus-ka-a.a=Muskaya[Phrygian//Phrygian]EN'EN$Muskaya	qpn.x002384
{mat Akkadi[Babylonia//Babylonia]GN'GN}::@saao%akk-x-neoass:KUR-URI{KI}=mātu[land//land]N'N$māt++@saao%akk-x-neoass:KUR-URI{KI}=Akkadi[Akkad//Akkad]GN'GN$Akkadi	qpn.x002320
@saao/saa01%akk-x-neoass:{1}{d}PA-bal-liṭ=Nabu-balliṭ[1//1]PN'PN$Nabu-balliṭ	qpn.x002444
@saao/saa01%akk-x-neoass:{KUR}sa-du-da-a.a=Asdudaya[Ashdodite//Ashdodite]EN'EN$Sadudaya	qpn.x000428
@saao/saa01%akk-x-neoass:{1}PAB-TUKU-ši=Ahu-lurši[1//1]PN'PN$Ahu-lurši	qpn.x000140
@saao/saa01%akk-x-neoass:{1}SUHUŠ-ŠA₃-URU=Ubru-Libbali[1//1]PN'PN$Ubru-Libbali	qpn.x003690
@saao/saa01%akk-x-neoass:{1}SUHUŠ-{d}PA=Ubru-Nabu[1//1]PN'PN$Ubru-Nabu	qpn.x003698
@saao/saa01%akk-x-neoass:{1}{d}UTU-u₂-pa-hir₂=Šamaš-upahhir[1//1]PN'PN$Šamaš-upahhir	qpn.x003340
@saao/saa01%akk-x-neoass:{URU}qu-ra-ni=Qurani[1//1]GN'GN$Qurani	qpn.x002850
@saao/saa01%akk-x-neoass:{URU}lu-ub-da=Lubda[1//1]GN'GN$Lubda	qpn.x002104
@saao/saa01%akk-x-neoass:{URU}il-hi-ni=Ilhini[1//1]GN'GN$Ilhini	qpn.x001614
@saao/saa01%akk-x-neoass:{1}DUG₃-IM-aš-šur=Ṭab-šar-Aššur[1//1]PN'PN$Ṭab-šar-Aššur	qpn.x003650
@saao/saa01%akk-x-neoass:{1}{d}MES-rem₂-a-ni=Marduk-remanni[1//1]PN'PN$Marduk-remanni	qpn.x002268
@saao/saa01%akk-x-neoass:{KUR}tab-URU=Tabalu[Tabal//Tabal]GN'GN$Tabali	qpn.x003436
@saao/saa01%akk-x-neoass:{KUR}ma-na-a.a=Manna[Mannea//Mannea]GN'GN$Mannaya	qpn.x002168
@saao/saa01%akk-x-neoass:{KUR}ha-mu-du=Hamudu[1//1]GN'GN$Hamudu	qpn.x001452
@saao/saa01%akk-x-neoass:{1}aš-šur-be₂-sun₂=Aššur-bessunu[1//1]PN'PN$Aššur-bessunu	qpn.x000532
@saao/saa01%akk-x-neoass:{URU}KASKAL-ni=Harranu[Harran//Harran]GN'GN$Harrani	qpn.x001460
@saao/saa01%akk-x-neoass:{KUR}ku-mu-ha-a.a=Kummuhaya[from Commagene//from Commagene]EN'EN$Kummuhaya	qpn.x001988
@saao/saa01%akk-x-neoass:{URU}ne₂-med-{d}15-a.a=Nemed-Issaraya[from Nemed-Ištar//from Nemed-Ištar]EN'EN$Nemed-Issaraya	qpn.x002654
@saao/saa01%akk-x-neoass:{1}{d}AG-KAR-ir-ZI-MEŠ=Nabu-eṭir-napšati[1//1]PN'PN$Nabu-eṭir-napšati	qpn.x002508
@saao/saa01%akk-x-neoass:{1}LUGAL-nu-ri=Šarru-nuri[1//1]PN'PN$Šarru-nuri	qpn.x003372
@saao/saa01%akk-x-neoass:{1}ra-aʾ-su-nu=Raʾsunu[1//1]PN'PN$Raʾsunu	qpn.x002894
@saao/saa01%akk-x-neoass:{KUR}su-hi=Suhu[1//1]GN'GN$Suhi	qpn.x003184
@saao/saa01%akk-x-neoass:{LU₂}i-tu₂-ʾa-a.a-e-a=Ituʾaya[Ituʾean//Ituʾean]EN'EN$Ituʾayeya	qpn.x001754
@saao/saa01%akk-x-neoass:{1}gid₂-gi-da-a-ni=Gidgiddanu[1//1]PN'PN$Gidgiddani	qpn.x001304
@saao/saa01%akk-x-neoass:{URU}a-di-a=Adia[1//1]GN'GN$Adia	qpn.x000108
@saao/saa01%akk-x-neoass:{URU}ku-ba-na-še=Kubanaše[1//1]GN'GN$Kubanaše	qpn.x001944
@saao/saa01%akk-x-neoass:{LU₂}mar-ha-sa-a.a=Marqasaya[Marqasian//Marqasian]EN'EN$Marhasaya	qpn.x002304
@saao/saa01%akk-x-neoass:{1}ku-za-a=Kuza[1//1]PN'PN$Kuza	qpn.x002016
@saao/saa01%akk-x-neoass:{1}{d}PA-še-zib-an-ni=Nabu-šezibanni[1//1]PN'PN$Nabu-šezibanni	qpn.x002560
@saao/saa01%akk-x-neoass:{1}zab-bu-u-a=Zabbua[1//1]PN'PN$Zabbua	qpn.x003908
@saao/saa01%akk-x-neoass:{1}hum-be₂-e=Humbe[1//1]PN'PN$Humbe	qpn.x001574
@saao/saa01%akk-x-neoass:{LU₂}ar₂-ma-a-a=Armaya[Aramean//Aramean]EN'EN$Armaya	qpn.x000350
@saao/saa01%akk-x-neoass:{1}za-bi-na-DINGIR=Zabina-ili[1//1]PN'PN$Zabina-ili	qpn.x003916
@saao/saa01%akk-x-neoass:{1}10-AD-u-a=Adad-abuʾa[1//1]PN'PN$Adad-abuʾa	qpn.x000032
@saao/saa01%akk-x-neoass:{1}ak-bur=Akburu[1//1]PN'PN$Akbur	qpn.x000152
@saao/saa01%akk-x-neoass:{1}na-ni-i=Nani[1//1]PN'PN$Nani	qpn.x002630
@saao/saa01%akk-x-neoass:{URU}u₂-ra-am-mu=Urammu[1//1]GN'GN$Urammu	qpn.x003762
@saao/saa01%akk-x-neoass:{KUR}aš-šur-a.a=Aššuraya[Assyrian//Assyrian]EN'EN$Aššuraya	qpn.x000478
@saao/saa01%akk-x-neoass:{1}aš-šur-MAN-PAB=Aššur-šarru-uṣur[1//1]PN'PN$Aššur-šarru-uṣur	qpn.x000612
@saao/saa01%akk-x-neoass:{URU}ar-ia-u-a-te=Ariawate[1//1]GN'GN$Ariawate	qpn.x000314
@saao/saa01%akk-x-neoass:{1}{d}30-SAG.KAL=Sin-ašared[1//1]PN'PN$Sin-ašared	qpn.x003152
@saao/saa01%akk-x-neoass:{URU}u₂-a-si=Waisi[1//1]GN'GN$Waisi	qpn.x003830
@saao/saa01%akk-x-neoass:{URU}mar-qa-si=Marqasa[1//1]GN'GN$Marqasi	qpn.x002292
@saao/saa01%akk-x-neoass:{LU₂}pu-qu-da-a.a=Puqudu[1//1]EN'EN$Puqudaya	qpn.x002814
@saao/saa01%akk-x-neoass:{URU}E₂.GAL-at=Ekallati[1//1]GN'GN$Ekallat	qpn.x001190
@saao/saa01%akk-x-neoass:{URU}ar-pad-da-a.a=Arpaddaya[from Arpad//from Arpad]EN'EN$Arpaddaya	qpn.x000376
@saao/saa01%akk-x-neoass:{URU}u₂-e-si=Waisi[1//1]GN'GN$Waisi	qpn.x003830
@saao/saa01%akk-x-neoass:{1}ku-na-a=Kuna[1//1]PN'PN$Kuna	qpn.x002000
@saao/saa01%akk-x-neoass:{1}HAL-ni-aš-šur=Išmanni-Aššur[1//1]PN'PN$Išmanni-Aššur	qpn.x001726
@saao/saa01%akk-x-neoass:{URU}u₂-ra-mu=Urammu[1//1]GN'GN$Urammu	qpn.x003762
@saao/saa01%akk-x-neoass:{URU}E₂-{1}u₂-ka-a-ni=Bit-Amukanni[1//1]GN'GN$Bit-Ukani	qpn.x000996
@saao/saa01%akk-x-neoass:{1}ki-mu-ma-a.a=Kimumaya[1//1]PN'PN$Kimumaya	qpn.x001896
{bit Aššur[Temple of Aššur//1]TN'TN}::@saao%akk-x-neoass:E₂-aš-šur=bītu[house//house]N'N$bēt++@saao%akk-x-neoass:E₂-aš-šur=Aššur[1//1]DN'DN$Aššur	qpn.x000932
@saao/saa01%akk-x-neoass:{URU}mu-nu-uʾ=Munuʾ[1//1]GN'GN$Munuʾ	qpn.x002376
@saao/saa01%akk-x-neoass:{URU}si-na-a.a=Sinu[from Sinu//from Sinu]EN'EN$Sinaya	qpn.x003132
@saao/saa01%akk-x-neoass:{KUR}PAB-ir=Gimir[Cimmeria//Cimmeria]GN'GN$Gimir	qpn.x001318
@saao/saa01%akk-x-neoass:{URU}ta-si=Tasi[1//1]GN'GN$Tasi	qpn.x003522
{bab Aššur[Gate of Aššur//Gate of Aššur]GN'GN}::@saao%akk-x-neoass:KA₂-aš-šur=bābu[gate//gate]N'N$bāb++@saao%akk-x-neoass:KA₂-aš-šur=Aššur[1//1]DN'DN$Aššur	qpn.x000658
@saao/saa01%akk-x-neoass:{1}{d}IR₃.RA-ga-mil=Erra-gamil[1//1]PN'PN$Erra-gamil	qpn.x001244
@saao/saa01%akk-x-neoass:{URU}u₂-pu-mu=Upumu[1//1]GN'GN$Upumu	qpn.x003746
@saao/saa01%akk-x-neoass:{URU}si-in-ni=Sinnu[1//1]GN'GN$Sinni	qpn.x003116
@saao/saa01%akk-x-neoass:{1}ZALAG₂-{d}30=Nur-Sin[1//1]PN'PN$Nur-Sin	qpn.x002758
@saao/saa01%akk-x-neoass:{d}AG=Nabu[1//1]DN'DN$Nabu	qpn.x002432
@saao/saa01%akk-x-neoass:{1}LUGAL-lu-da-a-ri=Šarru-lu-dari[1//1]PN'PN$Šarru-lu-dari	qpn.x003360
@saao/saa01%akk-x-neoass:{1}man-nu-ki-{d}IM=Mannu-ki-Adad[1//1]PN'PN$Mannu-ki-Adad	qpn.x002180
@saao/saa01%akk-x-neoass:{1}zi-zi-ru=Ziziru[1//1]PN'PN$Ziziru	qpn.x003968
@saao/saa01%akk-x-neoass:{1}aš-šur-I=Aššur-naʾdi[1//1]PN'PN$Aššur-naʾdi	qpn.x000564
@saao/saa01%akk-x-neoass:{URU}tal-mu-sa=Talmusa[1//1]GN'GN$Talmusa	qpn.x003482
@saao/saa01%akk-x-neoass:{1}za-ri-i=Zari[1//1]PN'PN$Zari	qpn.x003940
@saao/saa01%akk-x-neoass:{URU}ap-ku=Apku[1//1]GN'GN$Apku	qpn.x000240
@saao/saa01%akk-x-neoass:{1}EN-ZALAG₂=Bel-nuri[1//1]PN'PN$Bel-nuri	qpn.x000874
@saao/saa01%akk-x-neoass:{1}aš-šur-EN-LAL=Aššur-belu-taqqin[1//1]PN'PN$Aššur-belu-taqqin	qpn.x000520
@saao/saa01%akk-x-neoass:{1}tar-ri-ki-hal-lu=Tarriki-hallu[1//1]PN'PN$Tarriki-hallu	qpn.x003506
@saao/saa01%akk-x-neoass:{1}man-nu-ki-aš-šur=Mannu-ki-Aššur[1//1]PN'PN$Mannu-ki-Aššur	qpn.x002188
@saao/saa01%akk-x-neoass:{1}{d}IM-i-ri-ba=Adad-iriba[1//1]PN'PN$Adad-iriba	qpn.x000052
@saao/saa01%akk-x-neoass:{1}ar-ie-e=Ariye[1//1]PN'PN$Ariye	qpn.x000338
@saao/saa01%akk-x-neoass:{URU}tar-bu-si-bi=Til-Barsip[1//1]GN'GN$Tarbusibi	qpn.x003558
@saao/saa01%akk-x-neoass:{URU}kal₃-zi=Kilizi[1//1]GN'GN$Kalzi	qpn.x001888
@saao/saa01%akk-x-neoass:{1}DI-mu-EN=Šulmu-beli[1//1]PN'PN$Šulmu-beli	qpn.x003412
@saao/saa01%akk-x-neoass:{URU}BAD₃-{1}ia-ki-ni=Dur-Yakin[1//1]GN'GN$Dur-Yakini	qpn.x001174
@saao/saa01%akk-x-neoass:{KUR}hu-bu-uš-ki-a=Hubuškia[1//1]GN'GN$Hubuškia	qpn.x001550
@saao/saa01%akk-x-neoass:{1}hu-zi-ri=Huziru[1//1]PN'PN$Huziri	qpn.x001598
@saao/saa01%akk-x-neoass:{1}10-šum₂-ki=Adda-šumki[1//1]PN'PN$Adda-šumki	qpn.x000100
@saao/saa01%akk-x-neoass:{URU}E₂.GAL-MEŠ=Ekallati[1//1]GN'GN$Ekallati	qpn.x001190
@saao/saa01%akk-x-neoass:{1}aš-šur-ba-ni=Aššur-bani[1//1]PN'PN$Aššur-bani	qpn.x000512
@saao/saa01%akk-x-neoass:{1}se-eʾ-ga-ba-ri=Seʾ-gabbari[1//1]PN'PN$Seʾ-gabbari	qpn.x003044
@saao/saa01%akk-x-neoass:arrap-ha{KI}=Arrapha[1//1]GN'GN$Arrapha	qpn.x000384
@saao/saa01%akk-x-neoass:{1}ia-ʾi-i-ru=Yaʾiru[1//1]PN'PN$Yaʾiru	qpn.x003854
@saao/saa01%akk-x-neoass:{1}tab-ni-DINGIR=Tabni-ilu[1//1]PN'PN$Tabni-ilu	qpn.x003460
@saao/saa01%akk-x-neoass:{URU}he-en-za-na-na=Hindanu[1//1]GN'GN$Henzanana	qpn.x001512
@saao/saa01%akk-x-neoass:{KUR}hab-hu=Habhu[1//1]GN'GN$Habhu	qpn.x001356
@saao/saa01%akk-x-neoass:{URU}KASKAL=Harranu[Harran//Harran]GN'GN$Harrani	qpn.x001460
@saao/saa01%akk-x-neoass:{KUR}bar-hal-za=Barhalza[1//1]GN'GN$Barhalza	qpn.x000752
@saao/saa01%akk-x-neoass:{URU}DUL-bur-si-bi=Til-Barsip[1//1]GN'GN$Til-Bursibi	qpn.x003558
@saao/saa01%akk-x-neoass:{URU}PU₂-MAN=Bur-šarri[1//1]GN'GN$Bur-šarri	qpn.x001032
@saao/saa01%akk-x-neoass:{1}ur-pala-a=Urpalaʾa[1//1]PN'PN$Urpalaʾa	qpn.x003806
@saao/saa01%akk-x-neoass:aš-šur=Aššur[1//1]DN'DN$Aššur	qpn.x000466
@saao/saa01%akk-x-neoass:{KUR}URI-a.a=Urarṭaya[Urarṭian//Urarṭian]EN'EN$Urarṭaya	qpn.x003774
@saao/saa01%akk-x-neoass:{1}a-mi-ri=Amiru[1//1]PN'PN$Amiri	qpn.x000192
@saao/saa01%akk-x-neoass:{1}NUMUN-ib-ni=Zeru-ibni[1//1]PN'PN$Zeru-ibni	qpn.x003948
@saao/saa01%akk-x-neoass:{KUR}qu-a.a=Quwaya[from Quwe//from Quwe]EN'EN$Quwaya	qpn.x002858
@saao/saa01%akk-x-neoass:{1}ba-hi-a-nu=Bahianu[1//1]PN'PN$Bahianu	qpn.x000698
@saao/saa01%akk-x-neoass:{1}a-ši-pa-a=Ašipa[1//1]PN'PN$Ašipa	qpn.x000444
@saao/saa01%akk-x-neoass:{1}{d}MES-MU-AŠ=Marduk-šumu-iddina[1//1]PN'PN$Marduk-šumu-iddina	qpn.x002280
@saao/saa01%akk-x-neoass:{d}NIN.GAL=Nikkal[1//1]DN'DN$Nikkal	qpn.x002706
@saao/saa01%akk-x-neoass:{1}{d}30-PAB-MEŠ-SU=Sin-ahhe-eriba[Sennacherib//Sennacherib]PN'PN$Sin-ahhe-eriba	qpn.x003140
@saao/saa01%akk-x-neoass:{1}aš-šur-MU-GIN-in=Aššur-šumu-kaʾʾin[1//1]PN'PN$Aššur-šumu-kaʾʾin	qpn.x000620
@saao/saa01%akk-x-neoass:{1}{d}PA-BAD₃-PAB=Nabu-duru-uṣur[1//1]PN'PN$Nabu-duru-uṣur	qpn.x002492
@saao/saa01%akk-x-neoass:{URU}A-MEŠ-DUG₃.GA-MEŠ=Me-ṭabute[1//1]GN'GN$Me-ṭabute	qpn.x002344
@saao/saa01%akk-x-neoass:{KUR}i-zal-li=Izalla[1//1]GN'GN$Izalli	qpn.x001776
@saao/saa01%akk-x-neoass:{1}EN-liq-bi=Bel-liqbi[1//1]PN'PN$Bel-liqbi	qpn.x000866
@saao/saa01%akk-x-neoass:{1}ba-hi-a-ni=Bahianu[1//1]PN'PN$Bahiani	qpn.x000698
@saao/saa01%akk-x-neoass:{1}gi-ri-U.U=Gir-Dadi[1//1]PN'PN$Gir-Dadi	qpn.x001332
@saao/saa01%akk-x-neoass:{ID₂}za-ba=Zaba[Zab//Zab]WN'WN$Zaba	qpn.x003892
@saao/saa01%akk-x-neoass:{URU}BAD₃-bi-li-ha-a.a=Dur-Balihaya[1//1]GN'GN$Dur-Bilihaya	qpn.x001134
@saao/saa01%akk-x-neoass:{URU}BAD₃-la-di-ni=Dur-Ladini[1//1]GN'GN$Dur-Ladini	qpn.x001142
@saao/saa01%akk-x-neoass:EN.LIL₂{KI}-a.a=Nippuraya[Nippurean//Nippurean]EN'EN$Nippuraya	qpn.x002730
@saao/saa01%akk-x-neoass:{1}GIŠ.MI-{d}UTU=Ṣil-Šamaš[1//1]PN'PN$Ṣil-Šamaš	qpn.x003238
@saao/saa01%akk-x-neoass:{1}gab-bi-a-mur=Gabbu-amur[1//1]PN'PN$Gabbi-amur	qpn.x001264
@saao/saa01%akk-x-neoass:{URU}rab-la-a=Rabla[Riblah//Riblah]GN'GN$Rabla	qpn.x002878
@saao/saa01%akk-x-neoass:{LU₂}kan-nu-uʾ-a.a=Kannuʾaya[1//1]EN'EN$Kannuʾaya	qpn.x001808
@saao/saa01%akk-x-neoass:{URU}za-ra-na=Zarana[1//1]GN'GN$Zarana	qpn.x003932
@saao/saa01%akk-x-neoass:{1}DINGIR-iq-bi=Ilu-iqbi[1//1]PN'PN$Ilu-iqbi	qpn.x001638
@saao/saa01%akk-x-neoass:{KUR}ʾa-ta-a.a=ʾAtaya[ʾAtean//ʾAtean]EN'EN$ʾAtaya	qpn.x000284
@saao/saa01%akk-x-neoass:{URU}gu-za-na=Guzana[1//1]GN'GN$Guzana	qpn.x001348
{mat Aššur[Assyria//Assyria]GN'GN}::@saao%akk-x-neoass:KUR-AN.ŠAR₂{KI}=mātu[land//land]N'N$māt++@saao%akk-x-neoass:KUR-AN.ŠAR₂{KI}=Aššur[1//1]DN'DN$Aššur	qpn.x002328
@saao/saa01%akk-x-neoass:{URU}tas-ti-a-te=Tastiati[1//1]GN'GN$Tastiate	qpn.x003530
@saao/saa01%akk-x-neoass:{URU}arrap-ha-a.a=Arraphaya[1//1]EN'EN$Arraphaya	qpn.x000396
@saao/saa01%akk-x-neoass:{1}di-na-nu=Dinanu[1//1]PN'PN$Dinanu	qpn.x001094
@saao/saa01%akk-x-neoass:{URU}su-ri-mar-rat=Surmarrati[Samarra//Samarra]GN'GN$Surimarrat	qpn.x003206
@saao/saa01%akk-x-neoass:{1}aš-šur-U-LAL=Aššur-belu-taqqin[1//1]PN'PN$Aššur-belu-taqqin	qpn.x000520
@saao/saa01%akk-x-neoass:{1}BAD₃-{d}IM=Duri-Adad[1//1]PN'PN$Duri-Adad	qpn.x001118
@saao/saa01%akk-x-neoass:{1}se-eʾ-lu-ki-di=Seʾ-lukidi[1//1]PN'PN$Seʾ-lukidi	qpn.x003052
@saao/saa01%akk-x-neoass:{1}gid₂-gi-da-a-nu=Gidgiddanu[1//1]PN'PN$Gidgiddanu	qpn.x001304
@saao/saa01%akk-x-neoass:{LU₂}ar-ba-a.a=Arbaya[Arab//Arab]EN'EN$Arbaya	qpn.x000288
@saao/saa01%akk-x-neoass:KA₂.DINGIR=Babili[Babylon//Babylon]GN'GN$Babili	qpn.x000666
@saao/saa01%akk-x-neoass:{URU}KA₂.DINGIR.RA=Babili[Babylon//Babylon]GN'GN$Babili	qpn.x000666
@saao/saa01%akk-x-neoass:{URU}u₂-a.a-si=Waisi[1//1]GN'GN$Waisi	qpn.x003830
@saao/saa01%akk-x-neoass:{1}aš-šur-TEŠ₂-UN-MEŠ=Aššur-balti-niše[1//1]PN'PN$Aššur-balti-niše	qpn.x000500
@saao/saa01%akk-x-neoass:{URU}di-maš-qa=Dimašqa[Damascus//Damascus]GN'GN$Dimašqa	qpn.x001080
@saao/saa01%akk-x-neoass:{URU}qa-pa-ta-a.a=Qappataya[Qappatean//Qappatean]EN'EN$Qappataya	qpn.x002830
@saao/saa01%akk-x-neoass:{1}a-me-ri=Amiru[1//1]PN'PN$Amiri	qpn.x000192
@saao/saa01%akk-x-neoass:d.EN=Bel[1//1]DN'DN$Bel	qpn.x000782
@saao/saa01%akk-x-neoass:{URU}KA₂-bit-qi=Bab-bitqi[1//1]GN'GN$Bab-bitqi	qpn.x000690
@saao/saa01%akk-x-neoass:{1}{d}sa-am-nu-ha-U-PAB=Samnuha-belu-uṣur[1//1]PN'PN$Samnuha-belu-uṣur	qpn.x002982
@saao/saa01%akk-x-neoass:{ID₂}pat-ti-{d}BI=Patti-Illil[1//1]WN'WN$Patti-Illil	qpn.x002798
@saao/saa01%akk-x-neoass:{KUR}ia-u₂-du-a.a=Yaʾudaya[Judean//Judean]EN'EN$Yaʾuduaya	qpn.x003870
@saao/saa01%akk-x-neoass:{KUR}at-tu-na-a.a=Atunnaya[1//1]EN'EN$Attunaya	qpn.x000636
@saao/saa01%akk-x-neoass:{KUR}hu-bu-uš-ka-a.a=Hubuškaya[Hubuškian//Hubuškian]EN'EN$Hubuškaya	qpn.x001542
@saao/saa01%akk-x-neoass:{1}I-DINGIR=Naʾdi-ilu[1//1]PN'PN$Naʾdi-ilu	qpn.x002606
@saao/saa01%akk-x-neoass:{1}aš-šur-MU-ki-in=Aššur-šumu-kaʾʾin[1//1]PN'PN$Aššur-šumu-kaʾʾin	qpn.x000620
@saao/saa01%akk-x-neoass:{d}a-num=Anu[1//1]DN'DN$Anum	qpn.x000232
@saao/saa01%akk-x-neoass:{ITI}GAN=Kislimu[Kislev//Kislev]MN'MN$Kislimi	qpn.x001912
@saao/saa01%akk-x-neoass:{URU}bir-a-te=Birate[1//1]GN'GN$Birate	qpn.x000902
@saao/saa01%akk-x-neoass:{URU}sik-ris=Sikris[1//1]GN'GN$Sikris	qpn.x003072
@saao/saa01%akk-x-neoass:EN=Bel[1//1]DN'DN$Bel	qpn.x000782
@saao/saa01%akk-x-neoass:{1}{d}sa-am-nu-hu-be₂-su-nu=Samnuha-bessunu[1//1]PN'PN$Samnuhu-bessunu	qpn.x003000
@saao/saa01%akk-x-neoass:{KUR}hi-in-za-ni=Hindanu[1//1]GN'GN$Hinzani	qpn.x001512
@saao/saa01%akk-x-neoass:{URU}še-di-kan-a.a=Šadikannaya[from Šadikanni//from Šadikanni]EN'EN$Šedikannaya	qpn.x003296
{bit Adad ša zunni[Temple of Adad-of-the-Rain//Temple of Adad-of-the-Rain]TN'TN}::@saao%akk-x-neoass:E₂-{d}IM-ša₂-zu-un-ni=bītu[house//house]N'N$bēt++@saao%akk-x-neoass:E₂-{d}IM-ša₂-zu-un-ni=Adad[1//1]DN'DN$Adad++@saao%akk-x-neoass:E₂-{d}IM-ša₂-zu-un-ni=ša[of//of]DET'DET$ša++@saao%akk-x-neoass:E₂-{d}IM-ša₂-zu-un-ni=zunnu[rain//rain]N'N$zunni	qpn.x000924
@saao/saa01%akk-x-neoass:{1}si-li-i=Sili[1//1]PN'PN$Sili	qpn.x003080
@saao/saa01%akk-x-neoass:{LU₂}i-tu₂-u-a.a=Ituʾaya[Ituʾean//Ituʾean]EN'EN$Ituʾaya	qpn.x001754
@saao/saa01%akk-x-neoass:{1}DUG₃.GA-ṣil-E₂.ŠAR₂=Ṭab-ṣil-Ešarra[1//1]PN'PN$Ṭab-ṣil-Ešarra	qpn.x003630
@saao/saa01%akk-x-neoass:{URU}ŠA₃-URU-a.a=Libbalaya[from Assur//from Assur]EN'EN$Libbalaya	qpn.x002080
@saao/saa01%akk-x-neoass:{URU}sa-ra-ga=Saraga[1//1]GN'GN$Saraga	qpn.x003028
@saao/saa01%akk-x-neoass:aš-šur-a.a-te=Aššuraya[Assyrian//Assyrian]EN'EN$Aššurate	qpn.x000478
{mar Ninua[Ninevite//Ninevite]EN'EN}::@saao%akk-x-neoass:DUMU-{URU}ni-nu-a=māru[son//son]N'N$mār++@saao%akk-x-neoass:DUMU-{URU}ni-nu-a=Ninua[Nineveh//Nineveh]GN'GN$Ninua	qpn.x002220
@saao/saa01%akk-x-neoass:{ITI}ŠU=Duʾuzu[Tammuz//Tammuz]MN'MN$Taʾuzi	qpn.x001182
@saao/saa01%akk-x-neoass:{1}EN-iq-bi=Bel-iqbi[1//1]PN'PN$Bel-iqbi	qpn.x000846
@saao/saa01%akk-x-neoass:{KUR}ar-pa-a.a=Arbaya[Arab//Arab]EN'EN$Arpaya	qpn.x000288
@saao/saa01%akk-x-neoass:{URU}lu-qa-še=Luqaše[1//1]GN'GN$Luqaše	qpn.x002112
@saao/saa01%akk-x-neoass:d.EN.ZU=Sin[1//1]DN'DN$Sin	qpn.x003104
@saao/saa01%akk-x-neoass:URU-aš-šur=Al-Aššur[Assur//Assur]GN'GN$Al-Aššur	qpn.x000168
@saao/saa01%akk-x-neoass:{KUR}qi-pa-ni=Qipanu[1//1]GN'GN$Qipani	qpn.x002842
@saao/saa01%akk-x-neoass:{URU}mar-u₂-bi-si=Marubištu[1//1]GN'GN$Marubisi	qpn.x002312
@saao/saa01%akk-x-neoass:{1}ra-ah-di-a-ba=Rahdiaba[1//1]PN'PN$Rahdiaba	qpn.x002886
@saao/saa01%akk-x-neoass:{1}DI-EN-la-aš₂-me=Šulmu-beli-lašme[1//1]PN'PN$Šulmu-beli-lašme	qpn.x003420
@saao/saa01%akk-x-neoass:{1}da-di-su-ri=Dadi-suri[1//1]PN'PN$Dadi-suri	qpn.x001056
@saao/saa01%akk-x-neoass:{URU}lu-ri-si-te=Lurisite[1//1]GN'GN$Lurisite	qpn.x002120
@saao/saa01%akk-x-neoass:{1}aš-šur-KAM-eš=Aššur-ereš[1//1]PN'PN$Aššur-ereš	qpn.x000548
@saao/saa01%akk-x-neoass:{1}da-na-a=Dannaya[1//1]PN'PN$Dannaya	qpn.x001064
@saao/saa01%akk-x-neoass:{1}aš-šur-re-ṣu-u-a=Aššur-reṣuwa[1//1]PN'PN$Aššur-reṣuwa	qpn.x000588
@saao/saa01%akk-x-neoass:{1}ṣu-lu-lu=Ṣululu[1//1]PN'PN$Ṣululu	qpn.x003254
@saao/saa01%akk-x-neoass:{1}{d}UTU-EN-PAB=Šamaš-belu-uṣur[1//1]PN'PN$Šamaš-belu-uṣur	qpn.x003324
@saao/saa01%akk-x-neoass:{URU}šu₂-gur-a.a=Šuguraya[Šugurean//Šugurean]EN'EN$Šuguraya	qpn.x003404
@saao/saa01%akk-x-neoass:{URU}el-iz-ki=Elizki[1//1]GN'GN$Elizki	qpn.x001212
@saao/saa01%akk-x-neoass:{1}LAL-nu=Tuqunu[1//1]PN'PN$Tuqunu	qpn.x003606
@saao/saa01%akk-x-neoass:{URU}sa-pi-ri-te=Sapirrutu[1//1]GN'GN$Sapirrite	qpn.x003016
@saao/saa01%akk-x-neoass:{1}DINGIR-KA-a-PAB=Ilu-piya-uṣur[1//1]PN'PN$Ilu-piya-uṣur	qpn.x001654
@saao/saa01%akk-x-neoass:{KUR}ha-sa-a.a=Hasaya[Hasaean//Hasaean]EN'EN$Hasaya	qpn.x001480
@saao/saa01%akk-x-neoass:{KUR}ia-su-bu-qi=Yasubuqu[1//1]GN'GN$Yasubuqi	qpn.x003862
@saao/saa01%akk-x-neoass:KA₂.DINGIR.RA{KI}=Babili[Babylon//Babylon]GN'GN$Babili	qpn.x000666
@saao/saa01%akk-x-neoass:{1}{d}MAŠ-EN-PAB=Inurta-belu-uṣur[1//1]PN'PN$Inurta-belu-uṣur	qpn.x001678
@saao/saa01%akk-x-neoass:{URU}til-bar-si-ba=Til-Barsip[1//1]GN'GN$Til-Barsiba	qpn.x003558
@saao/saa01%akk-x-neoass:{1}aš-šur-DINGIR-a.a=Aššur-ilaʾi[1//1]PN'PN$Aššur-ilaʾi	qpn.x000556
@saao/saa01%akk-x-neoass:{URU}bur-si-bi=Barsip[Borsippa//Borsippa]GN'GN$Bursibi	qpn.x000766
@saao/saa01%akk-x-neoass:{1}DUG₃.GA-IM-aš-šur=Ṭab-šar-Aššur[1//1]PN'PN$Ṭab-šar-Aššur	qpn.x003650
@saao/saa01%akk-x-neoass:{1}{d}PA-de-ni-DU₃-uš=Nabu-deni-epuš[1//1]PN'PN$Nabu-deni-epuš	qpn.x002484
@saao/saa01%akk-x-neoass:{1}{d}PA-SIG₅-iq=Nabu-deʾiq[1//1]PN'PN$Nabu-deʾiq	qpn.x002476
@saao/saa01%akk-x-neoass:{KUR}ha-lah₃-hi=Halahhu[1//1]GN'GN$Halahhi	qpn.x001380
@saao/saa01%akk-x-neoass:{URU}mil-qi-a=Milqia[1//1]GN'GN$Milqia	qpn.x002352
@saao/saa01%akk-x-neoass:ur-a-bi=Urabu[1//1]EN'EN$Urabi	qpn.x003754
@saao/saa01%akk-x-neoass:{1}AD-GIŠ=Abu-lešir[1//1]PN'PN$Abu-lešir	qpn.x000016
@saao/saa01%akk-x-neoass:{1}{d}EN-iq-bi=Bel-iqbi[1//1]PN'PN$Bel-iqbi	qpn.x000846
@saao/saa01%akk-x-neoass:{URU}HAL.ṢU=Birate[1//1]GN'GN$Birate	qpn.x000902
@saao/saa01%akk-x-neoass:{URU}bi-rat=Birate[1//1]GN'GN$Birat	qpn.x000902
{bit Sin[Temple of Sin//Temple of Sin]TN'TN}::@saao%akk-x-neoass:E₂-{d}30=bītu[house//house]N'N$bēt++@saao%akk-x-neoass:E₂-{d}30=Sin[1//1]DN'DN$Sin	qpn.x000980
@saao/saa01%akk-x-neoass:{KUR}man-na-a.a=Manna[Mannea//Mannea]GN'GN$Mannaya	qpn.x002168
@saao/saa01%akk-x-neoass:{URU}a-ri-di=Aridu[1//1]GN'GN$Aridi	qpn.x000322
@saao/saa01%akk-x-neoass:{LU₂}i-tu₂-ʾa-a.a=Ituʾaya[Ituʾean//Ituʾean]EN'EN$Ituʾaya	qpn.x001754
@saao/saa01%akk-x-neoass:{1}U.U-DU₃=Dadi-ibni[1//1]PN'PN$Dadi-ibni	qpn.x001048
@saao/saa01%akk-x-neoass:{URU}nam-pi-gi=Nampigu[1//1]GN'GN$Nampigi	qpn.x002622
@saao/saa01%akk-x-neoass:{1}EN-KAR-ir=Bel-eṭir[1//1]PN'PN$Bel-eṭir	qpn.x000838
@saao/saa01%akk-x-neoass:{KUR}BAD₃.DINGIR{KI}-a.a=Deraya[from Der//from Der]EN'EN$Deraya	qpn.x001072
@saao/saa01%akk-x-neoass:{URU}hi-in-da-na=Hindanu[1//1]GN'GN$Hindana	qpn.x001512
@saao/saa01%akk-x-neoass:{1}a-mar-DINGIR=Amar-ili[1//1]PN'PN$Amar-ili	qpn.x000184
@saao/saa01%akk-x-neoass:{1}sa-dir=Sadiru[1//1]PN'PN$Sadiru	qpn.x002950
@saao/saa01%akk-x-neoass:{1}ul-lu-su-nu=Ullusunu[1//1]PN'PN$Ullusunu	qpn.x003730
@saao/saa01%akk-x-neoass:{1}{d}PA-pa-šir=Nabu-pašir[1//1]PN'PN$Nabu-pašir	qpn.x002532
@saao/saa01%akk-x-neoass:{1}aš-šur-MU-GIN=Aššur-šumu-kaʾʾin[1//1]PN'PN$Aššur-šumu-kaʾʾin	qpn.x000620
@saao/saa01%akk-x-neoass:{URU}ar₂-pad-da=Arpadda[Arpad//Arpad]GN'GN$Arpadda	qpn.x000358
@saao/saa01%akk-x-neoass:{d}EN-AGA=Bel-age[Lord-of-the-Crown//Lord-of-the-Crown]DN'DN$Bel-age	qpn.x000806
@saao/saa01%akk-x-neoass:{URU}ar-pad-du=Arpadda[Arpad//Arpad]GN'GN$Arpaddu	qpn.x000358
@saao/saa01%akk-x-neoass:{URU}ṣu-pat=Ṣupat[1//1]GN'GN$Ṣupat	qpn.x003262
@saao/saa01%akk-x-neoass:{URU}ša-bi-ri-šu₂=Šabirešu[1//1]GN'GN$Šabirešu	qpn.x003284
@saao/saa01%akk-x-neoass:{1}{d}MES-MU-SUM-na=Marduk-šumu-iddina[1//1]PN'PN$Marduk-šumu-iddina	qpn.x002280
@saao/saa01%akk-x-neoass:{1}IM-ṣil-E₂.ŠAR₂.RA=Ṭab-ṣil-Ešarra[1//1]PN'PN$Ṭab-ṣil-Ešarra	qpn.x003630
@saao/saa01%akk-x-neoass:{d}aš-šur=Aššur[1//1]DN'DN$Aššur	qpn.x000466
@saao/saa01%akk-x-neoass:{KUR}qu-e=Quwe[1//1]GN'GN$Quwe	qpn.x002870
@saao/saa01%akk-x-neoass:{1}{d}PA-še-zib=Nabu-šezib[1//1]PN'PN$Nabu-šezib	qpn.x002552
@saao/saa01%akk-x-neoass:{d}ba-ni-tu₂=Banitu[1//1]DN'DN$Banitu	qpn.x000728
@saao/saa01%akk-x-neoass:{URU}i-za-la=Izalla[1//1]GN'GN$Izalla	qpn.x001776
@saao/saa01%akk-x-neoass:{1}10-ha-ti=Adda-hati[1//1]PN'PN$Adda-hati	qpn.x000092
@saao/saa01%akk-x-neoass:{1}gur₂-di-i=Gurdi[1//1]PN'PN$Gurdi	qpn.x001340
@saao/saa01%akk-x-neoass:{1}ta-ri-ba-15=Tariba-Issar[1//1]PN'PN$Tariba-Issar	qpn.x003490
{bit Ištar[Temple of Issar//Temple of Issar]TN'TN}::@saao%akk-x-neoass:E₂-{d}15=bītu[house//house]N'N$bēt++@saao%akk-x-neoass:E₂-{d}15=Ištar[1//1]DN'DN$Issar	qpn.x000940
@saao/saa01%akk-x-neoass:{URU}kar-{d}UTU=Kar-Šamaš[1//1]GN'GN$Kar-Šamaš	qpn.x001848
@saao/saa01%akk-x-neoass:{d}15=Ištar[1//1]DN'DN$Issar	qpn.x001746
@saao/saa01%akk-x-neoass:KIŠ{KI}-a.a=Kišaya[from Kiš//from Kiš]EN'EN$Kišaya	qpn.x001928
@saao/saa01%akk-x-neoass:{1}GIŠ.MI-EN=Ṣil-Bel[1//1]PN'PN$Ṣil-Bel	qpn.x003230
@saao/saa01%akk-x-neoass:{KUR}zi-kir-ta-a.a=Zikirtaya[Zikirtean//Zikirtean]EN'EN$Zikirtaya	qpn.x003960
@saao/saa01%akk-x-neoass:{1}{d}PA-mu-šal-lim=Nabu-mušallim[1//1]PN'PN$Nabu-mušallim	qpn.x002524
@saao/saa01%akk-x-neoass:{1}man-nu-ki-aš-šur-ZU=Mannu-ki-Aššur-leʾi[1//1]PN'PN$Mannu-ki-Aššur-leʾi	qpn.x002196
@saao/saa01%akk-x-neoass:{1}{KUR}ku-mu-ha-a.a=Kummuhaya[from Commagene//from Commagene]EN'EN$Kummuhaya	qpn.x001988
@saao/saa01%akk-x-neoass:{d}AMAR.UTU=Marduk[1//1]DN'DN$Marduk	qpn.x002244
@saao/saa01%akk-x-neoass:{1}{d}15.KA₂-APIN-eš=Kubaba-ereš[1//1]PN'PN$Kubaba-ereš	qpn.x001936
@saao/saa01%akk-x-neoass:{KUR}u₂-du-mu-a.a=Udumaya[Edomite//Edomite]EN'EN$Udumuaya	qpn.x003706
@saao/saa01%akk-x-neoass:{KUR}ha-za-ta-a.a=Hazzataya[from Gaza//from Gaza]EN'EN$Hazzataya	qpn.x001496
@saao/saa01%akk-x-neoass:{URU}tab-URU=Tabalu[Tabal//Tabal]GN'GN$Tabalu	qpn.x003436
@saao/saa01%akk-x-neoass:{URU}DU₆-bur-si-ba=Til-Barsip[1//1]GN'GN$Til-Bursiba	qpn.x003558
@saao/saa01%akk-x-neoass:{1}{d}AG-pa-šir=Nabu-pašir[1//1]PN'PN$Nabu-pašir	qpn.x002532
@saao/saa01%akk-x-neoass:{1}DINGIR-a.a-EN=Ilaʾi-Bel[1//1]PN'PN$Ilaʾi-Bel	qpn.x001606
@saao/saa01%akk-x-neoass:{URU}i-sa-na=Isana[1//1]GN'GN$Isana	qpn.x001694
@saao/saa01%akk-x-neoass:{1}hu-un-ni-i=Hunni[1//1]PN'PN$Hunni	qpn.x001582
@saao/saa01%akk-x-neoass:{1}aš₂-pa-ba-ri=Ašpa-bara[1//1]PN'PN$Ašpa-bari	qpn.x000452
@saao/saa01%akk-x-neoass:{1}DINGIR-bi-iʾ-di=Ilu-biʾdi[1//1]PN'PN$Ilu-biʾdi	qpn.x001630
@saao/saa01%akk-x-neoass:{URU}ie-ri=Yeri[1//1]GN'GN$Yeri	qpn.x003884
@saao/saa01%akk-x-neoass:{1}sa-i₃-li₂=Saʾilu[1//1]PN'PN$Saʾili	qpn.x002958
@saao/saa01%akk-x-neoass:{1}NUMUN-DU₃=Zeru-ibni[1//1]PN'PN$Zeru-ibni	qpn.x003948
@saao/saa01%akk-x-neoass:{1}{d}PA-SU-PAB-MEŠ=Nabu-riba-ahhe[1//1]PN'PN$Nabu-riba-ahhe	qpn.x002544
@saao/saa01%akk-x-neoass:{KUR}URI=Urarṭu[1//1]GN'GN$Urarṭi	qpn.x003782
@saao/saa01%akk-x-neoass:{URU}ši-bir-tu₂=Šibirtu[1//1]GN'GN$Šibirtu	qpn.x003388
@saao/saa01%akk-x-neoass:{URU}ŠE-{1}am-da-nu=Kapar-Amdanu[1//1]GN'GN$Kapar-Amdanu	qpn.x001816
@saao/saa01%akk-x-neoass:{1}na-ga-a=Nagaha[1//1]PN'PN$Nagaha	qpn.x002614
{bit Šamaš[Temple of Šamaš//Temple of Šamaš]TN'TN}::@saao%akk-x-neoass:E₂-{d}UTU=bītu[house//house]N'N$bēt++@saao%akk-x-neoass:E₂-{d}UTU=Šamaš[1//1]DN'DN$Šamaš	qpn.x000988
@saao/saa01%akk-x-neoass:{URU}iš-ta-hup=Ištahup[1//1]GN'GN$Ištahup	qpn.x001738
@saao/saa01%akk-x-neoass:{KUR}bi-rat-a.a=Birataya[Biratean//Biratean]EN'EN$Birataya	qpn.x000886
@saao/saa01%akk-x-neoass:{d}bu-ru=Buru[1//1]DN'DN$Buru	qpn.x001020
@saao/saa01%akk-x-neoass:{1}DUG₃.GA-ṣil-E₂.ŠAR₂.RA=Ṭab-ṣil-Ešarra[1//1]PN'PN$Ṭab-ṣil-Ešarra	qpn.x003630
@saao/saa01%akk-x-neoass:{URU}ṣi-du-na-a.a=Ṣidunaya[Sidonite//Sidonite]EN'EN$Ṣidunaya	qpn.x003222
@saao/saa01%akk-x-neoass:{1}ARAD-{d}15=Urdu-Issar[1//1]PN'PN$Urdu-Issar	qpn.x003790
@saao/saa01%akk-x-neoass:{d}MES=Marduk[1//1]DN'DN$Marduk	qpn.x002244
@saao/saa01%akk-x-neoass:{1}{d}U.GUR-PAB-ir=Nergal-naṣir[1//1]PN'PN$Nergal-naṣir	qpn.x002698
@saao/saa01%akk-x-neoass:{1}aš-šur-TEŠ₂-UN-MEŠ-ma=Aššur-balti-niše[1//1]PN'PN$Aššur-balti-niše	qpn.x000500
@saao/saa01%akk-x-neoass:{1}ina-IM-EN-DU-ak=Ina-šar-Bel-allak[1//1]PN'PN$Ina-šar-Bel-allak	qpn.x001666
@saao/saa01%akk-x-neoass:{1}{d}PA-MU-PAB=Nabu-šumu-uṣur[1//1]PN'PN$Nabu-šumu-uṣur	qpn.x002576
@saao/saa01%akk-x-neoass:{1}sa-an-da-pi-i=Sanda-pi[1//1]PN'PN$Sanda-pi	qpn.x003008
@saao/saa01%akk-x-neoass:{URU}BAD₃-{1}MAN-GI.NA=Dur-Šarruken[1//1]GN'GN$Dur-Šarruken	qpn.x001150
@saao/saa01%akk-x-neoass:{URU}la-ba-ʾu-u=Labaʾu[1//1]GN'GN$Labaʾu	qpn.x002032
@saao/saa01%akk-x-neoass:{URU}DU₆-tu-u₂-ri=Til-Turi[1//1]GN'GN$Til-Turi	qpn.x003598
@saao/saa01%akk-x-neoass:E₂.ŠAR₂.RA=Ešarra[1//1]TN'TN$Ešarra	qpn.x001252
@saao/saa01%akk-x-neoass:{1}aš-šur-SAG-i-ši=Aššur-reši-išši[1//1]PN'PN$Aššur-reši-išši	qpn.x000596
@saao/saa01%akk-x-neoass:URU-ša₂-{LU₂}DAM.QAR=Alu-ša-tamkari[Merchant Town//Merchant Town]GN'GN$Alu-ša-tamkari	qpn.x000160
@saao/saa01%akk-x-neoass:{1}GIN-i=Keni[1//1]PN'PN$Keni	qpn.x001864
@saao/saa01%akk-x-neoass:{URU}BAD₃-{1}MAN-GIN=Dur-Šarruken[1//1]GN'GN$Dur-Šarruken	qpn.x001150
@saao/saa01%akk-x-neoass:{KUR}bar-hal-zi=Barhalza[1//1]GN'GN$Barhalzi	qpn.x000752
@saao/saa01%akk-x-neoass:{URU}KASKAL-ra-ni=Harranu[Harran//Harran]GN'GN$Harrani	qpn.x001460
@saao/saa01%akk-x-neoass:{URU}la-ap-si-a=Lapsia[1//1]GN'GN$Lapsia	qpn.x002048
@saao/saa01%akk-x-neoass:{ITI}BARAG=Nisannu[Nisan//Nisan]MN'MN$Nisanni	qpn.x002746
@saao/saa01%akk-x-neoass:{URU}ŠE-{1}DUMU-ia-ba=Kapar-Mariyaba[1//1]GN'GN$Kapar-Mariyaba	qpn.x001832
@saao/saa01%akk-x-neoass:{URU}ṣib-te=Ṣibtu[1//1]GN'GN$Ṣibte	qpn.x003214
@saao/saa01%akk-x-neoass:{KUR}ma-ni-iʾ=Maniʾ[1//1]GN'GN$Maniʾ	qpn.x002160
@saao/saa01%akk-x-neoass:{URU}hu-za-za=Huzaza[1//1]GN'GN$Huzaza	qpn.x001590
@saao/saa01%akk-x-neoass:{1}{d}PA-EN-GIN=Nabu-belu-kaʾʾin[1//1]PN'PN$Nabu-belu-kaʾʾin	qpn.x002452
@saao/saa01%akk-x-neoass:{1}{d}30-SUM-na=Sin-iddina[1//1]PN'PN$Sin-iddina	qpn.x003160
@saao/saa01%akk-x-neoass:{URU}di-maš-qi=Dimašqa[Damascus//Damascus]GN'GN$Dimašqi	qpn.x001080
@saao/saa01%akk-x-neoass:{1}ŠEŠ-lu-ur-ši=Ahu-lurši[1//1]PN'PN$Ahu-lurši	qpn.x000140
@saao/saa01%akk-x-neoass:{1}DINGIR-mu-še-zib=Ilu-mušezib[1//1]PN'PN$Ilu-mušezib	qpn.x001646
@saao/saa01%akk-x-neoass:{1}e-pa-a=Epa[1//1]PN'PN$Epa	qpn.x001236
@saao/saa01%akk-x-neoass:{KUR}ga-mir=Gimir[Cimmeria//Cimmeria]GN'GN$Gamir	qpn.x001318
@saao/saa01%akk-x-neoass:{d}IM=Adad[1//1]DN'DN$Adad	qpn.x000024
@saao/saa01%akk-x-neoass:{1}{d}U.GUR-bal-liṭ=Nergal-balliṭ[1//1]PN'PN$Nergal-balliṭ	qpn.x002690
@saao/saa01%akk-x-neoass:{1}{d}AG-MU-AŠ=Nabu-šumu-iddina[1//1]PN'PN$Nabu-šumu-iddina	qpn.x002568
@saao/saa01%akk-x-neoass:{1}EN-lu-TI.LA=Belu-lu-balaṭ[1//1]PN'PN$Belu-lu-balaṭ	qpn.x000798
@saao/saa01%akk-x-neoass:{1}{d}PA-ZU=Nabu-leʾi[1//1]PN'PN$Nabu-leʾi	qpn.x002516
@saao/saa01%akk-x-neoass:{KUR}mar-qa-si=Marqasa[1//1]GN'GN$Marqasi	qpn.x002292
@saao/saa01%akk-x-neoass:{URU}a-ni-su=Anisu[1//1]GN'GN$Anisu	qpn.x000224
@saao/saa01%akk-x-neoass:{URU}ur-zu-hi-na=Arzuhina[1//1]GN'GN$Urzuhina	qpn.x000420
@saao/saa01%akk-x-neoass:{KUR}ha-mar-a-na-a.a=Hamranaya[1//1]EN'EN$Hamaranaya	qpn.x001444
@saao/saa01%akk-x-neoass:{URU}sa-me-ri-na=Samerina[Samaria//Samaria]GN'GN$Samerina	qpn.x002966
@saao/saa01%akk-x-neoass:{KUR}ar₂-pa-a.a=Arbaya[Arab//Arab]EN'EN$Arpaya	qpn.x000288
@saao/saa01%akk-x-neoass:{URU}kal₃-ha=Kalhu[1//1]GN'GN$Kalha	qpn.x001790
@saao/saa01%akk-x-neoass:{1}me-tu-nu=Metunu[1//1]PN'PN$Metunu	qpn.x002336
@saao/saa01%akk-x-neoass:{1}bur-ṣa-ru-ru=Bar-Ṣaruri[1//1]PN'PN$Bur-Ṣaruru	qpn.x000774
@saao/saa01%akk-x-neoass:{URU}NINA=Ninua[Nineveh//Nineveh]GN'GN$Ninua	qpn.x002714
@saao/saa01%akk-x-neoass:{ITI}BARAG=Nisannu[Nisan//Nisan]MN'MN$Nisannu	qpn.x002746
@saao/saa01%akk-x-neoass:{ITI}AB=Ṭebetu[Tebet//Tebet]MN'MN$Ṭebeti	qpn.x003666
@saao/saa01%akk-x-neoass:d.INNIN-GIŠ.TUK=Issar-tašme[1//1]DN'DN$Issar-tašme	qpn.x001702
@saao/saa01%akk-x-neoass:{1}DINGIR-pi-ia-PAB=Ilu-piya-uṣur[1//1]PN'PN$Ilu-piya-uṣur	qpn.x001654
@saao/saa01%akk-x-neoass:{1}mar-di-i=Mardi[1//1]PN'PN$Mardi	qpn.x002228
@saao/saa01%akk-x-neoass:{1}ki-na-a=Kina[1//1]PN'PN$Kina	qpn.x001904
@saao/saa01%akk-x-neoass:{KUR}NIM.MA{KI}-a.a=Elamaya[Elamite//Elamite]EN'EN$Elamaya	qpn.x001204
@saao/saa01%akk-x-neoass:{URU}qa-ap-pa-ta-a.a=Qappataya[Qappatean//Qappatean]EN'EN$Qappataya	qpn.x002830
@saao/saa01%akk-x-neoass:{URU}na-ṣi-bi-na=Naṣibina[1//1]GN'GN$Naṣibina	qpn.x002642
@saao/saa01%akk-x-neoass:{KUR}mu-ṣur-a.a=Muṣuraya[Egyptian//Egyptian]EN'EN$Muṣuraya	qpn.x002408
@saao/saa01%akk-x-neoass:{ITI}NE=Abu[Ab//Ab]MN'MN$Abi	qpn.x000008
@saao/saa01%akk-x-neoass:{URU}EN-an=Adian[1//1]GN'GN$Adian	qpn.x000116
@saao/saa01%akk-x-neoass:{URU}si-ni=Sinu[1//1]GN'GN$Sini	qpn.x003124
@saao/saa01%akk-x-neoass:{1}{d}IM-nu-ri=Adad-nuri[1//1]PN'PN$Adad-nuri	qpn.x000068
@saao/saa01%akk-x-neoass:{1}šu-zu-bu=Šuzubu[1//1]PN'PN$Šuzubu	qpn.x003428
@saao/saa01%akk-x-neoass:{1}sa-am-nu-hu-U-PAB=Samnuha-belu-uṣur[1//1]PN'PN$Samnuhu-belu-uṣur	qpn.x002982
@saao/saa01%akk-x-neoass:{URU}ar-za-bi-a=Arzabia[1//1]GN'GN$Arzabia	qpn.x000404
@saao/saa01%akk-x-neoass:{1}EN-nu-ri=Bel-nuri[1//1]PN'PN$Bel-nuri	qpn.x000874
@saao/saa01%akk-x-neoass:{1}ur-za-an-na=Urzana[1//1]PN'PN$Urzanna	qpn.x003822
@saao/saa01%akk-x-neoass:{ITI}GUD=Ayaru[Iyyar//Iyyar]MN'MN$Ayari	qpn.x000650
@saao/saa01%akk-x-neoass:{KUR}ta-ba-li=Tabalu[Tabal//Tabal]GN'GN$Tabali	qpn.x003436
@saao/saa01%akk-x-neoass:{URU}am-an-te=Amantu[1//1]GN'GN$Amante	qpn.x000176
@saao/saa01%akk-x-neoass:{URU}arrap-ha=Arrapha[1//1]GN'GN$Arrapha	qpn.x000384
@saao/saa01%akk-x-neoass:{1}DUMU.UŠ-ia=Aplaya[1//1]PN'PN$Aplaya	qpn.x000248
@saao/saa01%akk-x-neoass:{1}IGI-aš-šur-la-mur=Pan-Aššur-lamur[1//1]PN'PN$Pan-Aššur-lamur	qpn.x002766
@saao/saa01%akk-x-neoass:{URU}ne₂-med-{d}15=Nemed-Ištar[1//1]GN'GN$Nemed-Ištar	qpn.x002662
@saao/saa01%akk-x-neoass:{KUR}ra-ṣap-pa=Raṣappa[1//1]GN'GN$Raṣappa	qpn.x002902
@saao/saa01%akk-x-neoass:{URU}he-e-sa=Hesa[1//1]GN'GN$Hesa	qpn.x001504
@saao/saa01%akk-x-neoass:{1}se-e-lu-ki-di=Seʾ-lukidi[1//1]PN'PN$Seʾ-lukidi	qpn.x003052
@saao/saa01%akk-x-neoass:{1}ki-ṣir-aš-šur=Kiṣir-Aššur[1//1]PN'PN$Kiṣir-Aššur	qpn.x001920
@saao/saa01%akk-x-neoass:{URU}ṣu-pi-te=Ṣupat[1//1]GN'GN$Ṣupite	qpn.x003262
{mar Babili[Babylonian//Babylonian]EN'EN}::@saao%akk-x-neoass:DUMU-MEŠ-KA₂.DINGIR{KI}=māru[son//son]N'N$mārē++@saao%akk-x-neoass:DUMU-MEŠ-KA₂.DINGIR{KI}=Babili[Babylon//Babylon]GN'GN$Babili	qpn.x002204
@saao/saa01%akk-x-neoass:{URU}su-mur-zu=Sumurzu[1//1]GN'GN$Sumurzu	qpn.x003198
@saao/saa01%akk-x-neoass:{KUR}pi-lis-ta-a.a=Pilistaya[Philistine//Philistine]EN'EN$Pilistaya	qpn.x002806
@saao/saa01%akk-x-neoass:{1}a-ri-e=Ariye[1//1]PN'PN$Ariye	qpn.x000338
@saao/saa01%akk-x-neoass:{1}LUGAL-IGI.LAL-an-ni=Šarru-emuranni[1//1]PN'PN$Šarru-emuranni	qpn.x003348
@saao/saa01%akk-x-neoass:{1}PAB-DU-ka=Ahu-illika[1//1]PN'PN$Ahu-illika	qpn.x000132
@saao/saa01%akk-x-neoass:{MI₂}NIN-AD-ša₂=Ahat-abiša[1//1]PN'PN$Ahat-abiša	qpn.x000124
@saao/saa01%akk-x-neoass:{URU}ha-ta-ri-ka=Hatarikka[1//1]GN'GN$Hatarikka	qpn.x001488
@saao/saa01%akk-x-neoass:{KUR}ha-la-hi=Halahhu[1//1]GN'GN$Halahhi	qpn.x001380
@saao/saa01%akk-x-neoass:{URU}KA₂.DINGIR{KI}=Babili[Babylon//Babylon]GN'GN$Babili	qpn.x000666
@saao/saa01%akk-x-neoass:{1}rem₂-ni-10=Remanni-Adad[1//1]PN'PN$Remanni-Adad	qpn.x002918
@saao/saa01%akk-x-neoass:{1}DUG₃.GA-i=Ṭabi[1//1]PN'PN$Ṭabi	qpn.x003614
@saao/saa01%akk-x-neoass:{KUR}gam-bu-li=Gambulu[1//1]GN'GN$Gambuli	qpn.x001280
@saao/saa01%akk-x-neoass:{URU}is-tu-an-da-a.a=Istuandaya[1//1]EN'EN$Istuandaya	qpn.x001718
@saao/saa01%akk-x-neoass:{1}EN-de-ni-a-mur=Bel-deni-amur[1//1]PN'PN$Bel-deni-amur	qpn.x000814
@saao/saa01%akk-x-neoass:{KUR}la-qe-e=Laqe[1//1]GN'GN$Laqe	qpn.x002064
@saao/saa01%akk-x-neoass:{URU}BAD₃-{1}LUGAL-GIN=Dur-Šarruken[1//1]GN'GN$Dur-Šarruken	qpn.x001150
{mar Barsip[Borsippan//Borsippan]EN'EN}::@saao%akk-x-neoass:DUMU-BAR₂.SIPA{KI}=māru[son//son]N'N$mār++@saao%akk-x-neoass:DUMU-BAR₂.SIPA{KI}=Barsip[Borsippa//Borsippa]GN'GN$Barsip	qpn.x002212
@saao/saa01%akk-x-neoass:{1}mar-du-u=Mardu[1//1]PN'PN$Mardu	qpn.x002236
@saao/saa01%akk-x-neoass:{1}a-ša₂-pi=Ašapi[1//1]PN'PN$Ašapi	qpn.x000436
@saao/saa01%akk-x-neoass:{1}pa-qa-ha=Paqaha[1//1]PN'PN$Paqaha	qpn.x002774
@saao/saa01%akk-x-neoass:{1}ap-pa-a=Appa[1//1]PN'PN$Appa	qpn.x000256
@saao/saa01%akk-x-neoass:{KUR}ar-za-bi-i-a.a=Arzabiaya[Arzabian//Arzabian]EN'EN$Arzabiaya	qpn.x000412
@saao/saa01%akk-x-neoass:E₂-{1}pa-ru-ta=Bit-Purutaš[1//1]GN'GN$Bit-Paruta	qpn.x001012
@saao/saa01%akk-x-neoass:{1}a-mi-li-iʾ-ti=Ammi-leti[1//1]PN'PN$Ammi-leʾti	qpn.x000208
@saao/saa01%akk-x-neoass:{1}da-da-a=Dada[1//1]PN'PN$Dada	qpn.x001040
@saao/saa01%akk-x-neoass:{1}a-me-ri=Amiru[1//1]PN'PN$Ameri	qpn.x000192
@saao/saa01%akk-x-neoass:{URU}til-e=Tille[1//1]GN'GN$Tille	qpn.x003546
@saao/saa01%akk-x-neoass:{1}a-ri-hi=Arihu[1//1]PN'PN$Arihi	qpn.x000330
@saao/saa01%akk-x-neoass:{1}ina-IM-EN-a-lak=Ina-šar-Bel-allak[1//1]PN'PN$Ina-šar-Bel-allak	qpn.x001666
@saao/saa01%akk-x-neoass:{URU}GAL-ṣa-ab-ri=Galṣabri[1//1]GN'GN$Galṣabri	qpn.x001272
@saao/saa01%akk-x-neoass:{URU}mu-ṣa-ṣir=Muṣaṣir[1//1]GN'GN$Muṣaṣir	qpn.x002392
@saao/saa01%akk-x-neoass:{URU}ŠE-KAM-MEŠ=Kapar-Diqarate[1//1]GN'GN$Kapar-Diqarate	qpn.x001824
@saao/saa01%akk-x-neoass:{URU}gar-ga-mis-a.a=Gargamisaya[from Carchemish//from Carchemish]EN'EN$Gargamisaya	qpn.x001296
@saao/saa01%akk-x-neoass:{URU}ku-um-me=Kumme[1//1]GN'GN$Kumme	qpn.x001980
@saao/saa01%akk-x-neoass:{ITI}ZIZ₂=Šabaṭu[Shebat//Shebat]MN'MN$Šabaṭi	qpn.x003276
@saao/saa01%akk-x-neoass:{URU}DUG₃.GA-ta-ia=Ṭabtaya[1//1]GN'GN$Ṭabtaya	qpn.x003622
@saao/saa01%akk-x-neoass:{1}hu-uh-hi=Huhhu[1//1]PN'PN$Huhhi	qpn.x001558
@saao/saa01%akk-x-neoass:{1}aš-šur-MAN-DU₃=Aššur-šarru-ibni[1//1]PN'PN$Aššur-šarru-ibni	qpn.x000604
@saao/saa01%akk-x-neoass:{URU}KASKAL=Harranu[Harran//Harran]GN'GN$Harranu	qpn.x001460
@saao/saa01%akk-x-neoass:{1}LUGAL-IGI.LAL-a-ni=Šarru-emuranni[1//1]PN'PN$Šarru-emuranni	qpn.x003348
@saao/saa01%akk-x-neoass:{1}EN-GIŠ=Bel-lešir[1//1]PN'PN$Bel-lešir	qpn.x000858
