nun@t
bur3@g
o
oo
*
asz@45
asz@c
asz@c@90
asz@c@v
asz@t
barig@c
bur3@c
bur'u@c
disz@c
disz@v
8(disz)@v
esze3@c
gesz2@45
gesz2@c
gesz2@c@90
gesz'u@c
szar2@c
szar'u@c
szar'ugal@c
u@c
'a5
ad7
ad8
ani
aslag4
aszszur
babili
ban2@c
banda
barig
ber
bu16
bur'u
dar5
dida
dimgal
dinger
disz@t
dubbin
dul0
dum2
durun2
enlil
er11
ezinu
garig
geme
geszgal
geszkim
gesz'u
gipar
giriz
harran
iku@c
im4
isz12
kab3
kesz
kul3
kup5
kurum2
lul2
m
mah5
mas3
munu6
munu8
n
nab2
nag3
ner3
nimun
nisi
piri3
qer
reb
red
saz3
s,er
sez
sha
shu
siz
s,u3
s'u4
susa
susin
szagan2
szakkan
szargal
szar'u
szek2
szerda7
tapin
t,er
ter5
'u8
udul12
urim
usztil
utul12
ga'ar
maszgurum
agan2
was,it
mas,it
irigal2
szid4
#from royal-lit.atf; need checking
giri4
szita6
tas3
nitadam
kissik
szul11
szakkanak
watar
usur2
ilum
girdu
awan
iszdum
lamma3
warad
s,illi
uk2
warad2
nitadam
anum
tuddah
ilan
turun
#end of additions from royal-lit.atf
#Ea/Aa additions--need checking
nagbu
et,lum
szitalam
t,ub
eriszti
murumsza
gukiri
emegar
emegargarra
szuszudi
guruda
halanku
szerszeri
szegan
#Sag Bogh--from KASZ?
qasz
#Diri
subartu
aszarid
mahra
uktin2
ummen
atab
mazid
bizaza
sagtusz
qudmasz
dapan
gugalita
balih
uszmu
imszattu
lamasztum
halmu
halamu
halulaia
iszkarissu
szalasz
ninti
musug
milzer
uluba
uluba2
anigi
sulumhu
nisqu
utuk
babibli
der
lamasztu
azubir
emidra
#end diri
# MA Assur Ea
la'u2
qimku
kingusilla
gadi
galili
gakis,s,um
handu
liliru
iskila
hu6
#end MA Assur Ea
# Canonical Ea
gisztae
aja4
edukua2
muszagana
gisznimbar
siqqa2
kibir
szapparu
makkas
ret
sandak
szantak4
iszten
lan
mulhaldim
tumkurum6
kurumma
szendilimma
sada3
qel
murrub2
szemmeszla
urumtamga
ezina3
dalhalmun7
subarrum
pihu
ga'azag
#end Canonical Ea
#UHF
alad3
ara9
gelem
kulaba
#end UHF
#kalutu
barsip
be8
dilbat
dungu3
elum
indak
la11
leq
let
s,it
szet
szurru
tes
tin2
t,el
zim
#end kalutu
#incantations
mus
#end incantations
#SAA
AG~t
ag~t
ak~t
aq~t
as~d
ba~t
barag~t
de~d
di~d
DU3~d
du3~d
erbe
gaszan~t
ger
hap~t
hiz
hu~d
ID2~t
id2~t
ik~d
ik~y
in~d
in~p
iq~d
iq~y
ir~d
kak~d
kam~t
kam2~t
kan~t
kaq~d
karar
ke~d
ken
ket
ki~d
kul~y
KUR2~d
kur2~d
KUR2~t
kur2~t
li2~d
lis,
LU2~t
lu2~t
lu~d
LUGAL~d
lugal~d
mad2
maq
med
MESZ~p
mesz~p
MESZ~t
mesz~t
met
ni~d
ni~t
nun~dm
PAB~d
pab~d
per
pet
pet2
pid2
qa~d
qa~t
qep
qit4
rab~d
rap~d
ra~t
rem
sa~d
sag~t
s,al~d
sar~p
sek
sem
ser
sit
SUM~m
sum~m
sup
su~t
sza~d
sza~dm
sza~m
sza~p
szak~t
szaman
szar~p
sza~yd
szel
szep
szura
ta~d
TA~d
ta~p
ta~pp
TA~t
ta~t
ta~tm
t,em2
ti~d
ti~p
ti~t
TI~t
t,up~m
t,usz
'u2
u2~m
uk~d
URU~y
uru~y
Y
zeb
zir~y
#parpola's SAA allographs from SAA 1, 5, 15, 17
a~d
ah~p
ak~d
ak~td
al~d
al~dt
al~t
al~y
'a~m
am~d
am~p
am~y
a'~p
aq~d
ar2~d
ar2~m
ar2~p
as,~d
as,~dp
as~td
as,~td
as~tdp
as,~tdp
az~d
az~dp
az~td
ba~d
bal~d
bal~t
ban~t
ba~y
be2~d
bi~d
bil2~d
bi~p
bi~y
bu~p
bu~t
bu~td
bu~tdp
bu~tm
bu~tp
copy
da3~d
da~d
da~m
dam~t
dan~d
da~y
dib~m
din~d
dir~d
dir~m
du~d
dul6~m
dul~d
dul~m
dul~y
du~t
e~d
e~dm
ep~d
erasure
et~m
gab~d
gab~p
ga~d
gal3~p
gal~p
gi~p
he~p
hi~p
hir~m
hir~p
hur~y
ia~d
ig~d
il~d
il~m
il~p
il~t
il~y
in~m
i~p
is,~d
isz~d
isz~t
it~d
it~m
ka~d
kal3~d
kal~d
ka~y
ket~d
kil~t
ki~m
ki~t
ki~y
kul~d
kul~t
ku~m
kun~m
ku~y
la~d
la~dp
lak~d
lak~p
lak~y
lam~d
la~p
le~d
le~m
le~mm
le~t
le~tp
li~d
lid~d
li~dp
lik~d
lil~dm
lil~m
lil~p
lil~tm
lim~d
li~p
lisz~d
lisz~t
li~t
li~td
li~tdm
li~tm
li~tp
li~tt
li~y
lu~m
ma~d
mal~p
ma~m
ma~p
mar~d
mesz~m
mu~d
mu~m
mu~p
mus~t
mut~d
na~d
nak~d
nak~t
na~t
na~td
na~y
ne2~d
ni~p
nu~d
pil2~d
pisz~p
pul~m
pu~m
pu~p
pur~dp
pur~m
pur~p
pu~t
pu~td
pu~tp
qa~dp
qal3~dp
qe~m
qe~tm
qid~d
qid~p
qi~m
qi~mm
qir~p
qi~t
qi~td
qi~tm
rab~t
ra~d
ra~dp
ra~p
rasz~t
ra~td
ra~tp
ra~y
ra~yd
ra~yp
re~d
ri~d
rig~d
rig~p
rig~t
riq~t
ru~d
ru~dp
ru~dy
ru~m
ru~p
ru~t
ru~y
sak~t
sak~td
sa~p
sap~m
s,ar~m
s,ar~t
s,ib~m
s,ib~p
si~d
sik~d
s,il~m
s,i~p
s,ip~m
s,ip~p
s,ir~p
s,ir~t
s,ir~tp
s,u~d
su~d
su~m
s,u~p
su~p
su~y
sza2~m
sza~dd
sza~ddm
sza~dt
sza~dy
szag~d
szag~t
szag~td
szak~d
szak~td
sza~md
sza~mm
szam~m
szar~m
sza~t
sza~td
sza~tdm
sza~tm
sza~ty
sza~tyd
sza~tym
sza~y
sza~ydm
sza~ydp
sza~ym
sza~yy
sze~p
szi~d
szil~t
szu2~d
szub~p
szu~d
szud~p
szul~m
szu~m
szum2~m
szum2~p
szum2~pp
szup~d
szup~y
tab~d
t,a~d
ta~dm
ta~dp
tah~d
tah~m
tah~p
tah~pm
tal~d
ta~m
tan~d
taq~p
tar~t
tar~td
t,a~y
t,e3~p
te~p
te~t
t,i2~p
t,i~d
tim~t
tu~d
tug~t
tu~m
tu~p
tup~m
tuq~d
tuq~t
tu~t
tu~tm
tu~tp
tu~tt
u2~d
u2~dm
u2~mp
u2~p
u2~pd
u2~pm
u3~d
u3~m
ub~d
ub~m
ug~d
ug~td
ug~tdp
uk~dp
uk~p
uk~td
uk~tdp
um~d
um~y
un~d
'u~p
up~d
up~p
uq~d
uq~dp
uq~p
uq~td
uq~tdp
us,~p
us~t
usz~d
uz~d
zak~m
zib~m
zib~p
zi~p
ziq~m
ziq~p
zu~d
zu~t
ak~dt
'a~p
as~dm
as~dp
as~dt
as,~dt
as,~t
ba~p
ba~td
be~d
bil2~p
bil2~t
bir~p
bit~m
bu~pp
busz~d
da~dm
da~dp
da~t
dim~t
di~t
el~p
gir~p
har~p
id~m
ih~p
il~yd
im~p
is~d
isz~td
it~p
kab~p
kar~p
kat3~d
kin~t
ki~p
kir~p
kis~p
ki~td
ku3~p
la~m
le~p
le~tt
li2~t
li~m
me~p
mesz~y
mi~d
mu~pp
mu~t
na~dt
na~dtm
nam~p
par~y
qab~p
qal3~m
qar~d
qar~p
qi~dtm
ra~m
ri~t
sa~m
s,ar~d
s,ir~m
su~dm
s,ur~p
sza~dp
sza~dtm
sza~dty
sza~dym
szak~tt
szam~dm
sza~tdym
sza~tp
sza~yp
szid~d
szu2~t
szub~d
szub~m
t,e3~t
ti~dt
tu2~y
t,u~m
t,up~dm
ub~p
ug~dp
ug~dt
uk~dt
uk~dtp
up~m
us~p
#end SAA
kep
usz12
lel
#CAMS
leb
nesz
ezenxgu4
#DCCLT SIGN NAME GRAPHEMES
ab2xgana2@t
ab2xmu
ab@g
ab@g@g
asz@180
asz@225
asz2@t
asz@k
asz@z
ban2@v
batur
bu@90
bubu
bu@g
bu@t
dili2@t
dim@g
disz@135
disz@k
du@g
dun3@g
dun3@g@g
dun3@g@g@s
dun3@g@s
du@s
egir@g
elles316
erim@t
esz2@90
esz2@t
esz@g
ga@g
gan2@t
gan2@t@t
gana2@t
gir2@g
gisz@t
gu2@g
ha@g
ha@t
ha@t@g
hu@g
hul2xud
igi@g
iii
jiszal
ka@180
kiszim
kwu509
labab
lagar@g
lak114
lak115
lak156b
lak173
lak175
lak183
lak191
lak20
lak212
lak219
lak225
lak233@g
lak239
lak240
lak242
lak244
lak248
lak25
lak256
lak262
lak263
lak264
lak277
lak283
lak283a
lak283~a
lak296
lak3
lak304
lak304@270
lak322
lak323
lak339
lak349
lak350
lak350@90
#LAK376=IM
lak376
lak383
lak384
lak386
lak387
lak388
lak390
lak396
lak397
lak4
lak404
lak407b
lak442
lak449
lak449b
lak450
lak459
lak461a
lak476
lak477
lak480
lak490
lak492
lak4b
lak50
lak503
lak503a
lak503b
lak51
lak515
lak524
lak527
lak540
lak560
lak561
lak562
lak566
lak586
lak588
lak589
lak60
lak61
lak612
lak613
lak617
lak618
lak62
lak622
lak636
lak647
lak654
lak654a
lak654b
lak672
lak672a
lak672~a
lak672@s
lak680
lak682
lak688
lak696
lak699
lak721
lak72b
lak736
lak777
lak777@s
lak779
lak78
lak786
lak79
lak797
lak798
lak85
lak97
lu2@s
lu2@t
lugal@s
ma@g
masz@t
min@t
min@z
mug@g
musz2@g
musz3@g
naga@180
nam@n
ne@s
nu11@90
p2
rec144
rec147
sagan
sag@g
sag@n
si@g
sze3@90
sze3@t
szida
szir@t
szita@t
szudu8
ta@g
te@g
ti@t
tun3@g
ud@g
u@g
ur@180
ur@s
usz~a
x1
za@t
zib@k
#end DCCLT SIGN NAME
#royal.atf sign names
rec107
lak500
lak526
suhusz@g
hi@g
rec290
rec169
lak178
dn
on1
rec193
np
rn
pn
gn
ezenxkaskal
ezenxx
ku3@r
dul4@n
#end royal.atf sign names
#adm_ed3b.atf
amar@t
uri@n
uh2@g
gab@t
musz@90
bil2@g
kasz@g
bulug3@t
ku@t
#end adm_ed3b.atf
nag4
seh2
mus
