RI[distant]
ad[crippled]
anun ŋal[strong]
asilal[distant]
babbar[white]
bar tab[angry]
burud[perforate]
dadag[bright]
dadara[tied]
daŋal[wide]
dalla[bright]
dara[red]
dari[eternal]
didi[smaller]
didila[smaller]
dig[paralyzed]
dig[soft]
dili[single]
dili[single]
dili[single]
dirig[supreme]
dug[good]
dugud[heavy]
duru[wet]
eš[cold]
gabal du[hostile, to challenge]
gal[big]
gal[big]
gibil[new]
gid[long]
giggi[black]
gig[sick]
gu e[covered with]
gu sig[bellow]
gum[lame]
gunu[speckled]
gur[thick]
heše[oppressed]
heši[dark]
huš[reddish]
hulu[bad]
huluh[frightened]
i'iz[numerous]
ib[angry]
idim[blocked]
igi lib[awake]
igi suh[angry]
iri[high]
ŋal[be]
ŋeš la[silent]
ŋeš ra[beat]
kal[rare]
kala[rare]
kalag[strong]
kan[dark]
kana[dark]
kušu[tired]
kud[sweet]
kug[bright]
kug[pure]
kug[dark]
kul[heavy]
kum[hot]
kur[different]
kur[thick]
la[small]
lah[beat ]
lib[dazed]
libir[old]
lu[abundant]
lugud[short]
lum[full ]
mah[great]
me te ŋal[fitting]
me teš ŋal[fitting]
me[be]
mir[angry]
mud[scared]
mudra[dirty]
niga[fattened]
ni gal gur[clad in awesome luminosity]
ni gur[clad in awesome luminosity]
ni huš gur[clad in awesome luminosity]
ni ur[scared]
peš[thick]
ra[pure]
rah[beat]
rib[surpassing]
sag rig[bestow]
sag[good]
sag[rare]
sag[beat]
sageš rig[bestow]
sahar[porous]
saŋ du[beget]
saŋki gid[angry]
saŋus[constant]
sal[thin]
sed[cold]
ses[bitter]
si[drunk]
sig[green]
sig[silent]
sig[weak]
sikil[pure]
silig[mighty]
silim[healthy]
sir[dense]
sir[pointed]
sissi[green]
su[red]
sud[distant]
sud[empty]
sug gu[devastated]
sug[empty]
suŋun[old]
sun[humble]
sur[furious]
šag dab[angry]
šag dar[heartbroken]
šag dug[cheerful]
šag hul[happy]
šag sig[afflicted]
šaŋar[oppressed]
šalambi[broad]
šer[bright]
ši[tired]
šuba[multicoloured]
šu dim[prudent]
šu ra[beat]
šu zid ŋar[bestow]
tab[begin]
tab[double]
tal[broad]
tam[clean]
tu[beat]
tuku[beat]
tukur[important]
tur[ill]
tur[small]
u[bellow]
ud šu[dark]
udi[dazed]
ug[furious]
uku[poor]
ul[distended]
ul[bright]
uli[distant]
un[high]
ur[abundant]
ur[convulsed]
urin[pure]
urun[exalted]
urun[exalted]
#utud[give birth]
zi gi[on good terms]
zid[right]
zid[right]
zil[good]
