@saao/saa01%akk-x-neoass:{URU}tab-URU=Tabalu[Tabal//Tabal]GN'GN$Tabalu	qpn-x-places.x001170
@saao/saa01%akk-x-neoass:{URU}DU₆-bur-si-ba=Til-Barsip[1//1]GN'GN$Til-Bursiba	qpn-x-places.x001238
@saao/saa01%akk-x-neoass:{URU}rab-la-a=Rabla[Riblah//Riblah]GN'GN$Rabla	qpn-x-places.x000990
@saao/saa01%akk-x-neoass:{URU}ka-sa-pa=Kasappa[1//1]GN'GN$Kasappa	qpn-x-places.x000670
@saao/saa01%akk-x-neoass:{URU}za-ra-na=Zarana[1//1]GN'GN$Zarana	qpn-x-places.x001380
@saao/saa01%akk-x-neoass:{URU}i-sa-na=Isana[1//1]GN'GN$Isana	qpn-x-places.x000582
@saao/saa01%akk-x-neoass:{KUR}zu-hi=Suhu[1//1]GN'GN$Zuhi	qpn-x-places.x001082
@saao/saa01%akk-x-neoass:{KUR}bi-ra-a-te=Birate[1//1]GN'GN$Birate	qpn-x-places.x000212
@saao/saa01%akk-x-neoass:{URU}ša₂-bi-ri-šu₂=Šabirešu[1//1]GN'GN$Šabirešu	qpn-x-places.x001142
@saao/saa01%akk-x-neoass:{KUR}ha-ma-te=Hamat[Hamath//Hamath]GN'GN$Hamate	qpn-x-places.x000468
@saao/saa01%akk-x-neoass:{URU}gu-za-na=Guzana[1//1]GN'GN$Guzana	qpn-x-places.x000404
@saao/saa01%akk-x-neoass:{URU}BAD₃-MAN-GIN=Dur-Šarruken[1//1]GN'GN$Dur-Šarruken	qpn-x-places.x000304
{mat Aššur[Assyria//Assyria]GN'GN}::@saao%akk-x-neoass:KUR-AN.ŠAR₂{KI}=mātu[land//land]N'N$māt++@saao%akk-x-neoass:KUR-AN.ŠAR₂{KI}=Aššur[1//1]DN'DN$Aššur	qpn-x-places.x000854
@saao/saa01%akk-x-neoass:{URU}tas-ti-a-te=Tastiati[1//1]GN'GN$Tastiate	qpn-x-places.x001218
@saao/saa01%akk-x-neoass:{URU}su-ri-mar-rat=Surmarrati[Samarra//Samarra]GN'GN$Surimarrat	qpn-x-places.x001104
@saao/saa01%akk-x-neoass:{URU}kal-ha=Kalhu[1//1]GN'GN$Kalha	qpn-x-places.x000620
@saao/saa01%akk-x-neoass:{URU}hi-in-za-ni=Hindanu[1//1]GN'GN$Hinzani	qpn-x-places.x000520
@saao/saa01%akk-x-neoass:{URU}ne₂-med-15=Nemed-Ištar[1//1]GN'GN$Nemed-Ištar	qpn-x-places.x000922
@saao/saa01%akk-x-neoass:{URU}ie-ri=Yeri[1//1]GN'GN$Yeri	qpn-x-places.x001356
@saao/saa01%akk-x-neoass:{URU}he-en-za-na=Hindanu[1//1]GN'GN$Henzana	qpn-x-places.x000520
@saao/saa01%akk-x-neoass:mad-a.a=Madaya[1//1]GN'GN$Madaya	qpn-x-places.x000798
@saao/saa01%akk-x-neoass:{KUR}URI=Urarṭu[1//1]GN'GN$Urarṭi	qpn-x-places.x001316
@saao/saa01%akk-x-neoass:{URU}ši-bir-tu₂=Šibirtu[1//1]GN'GN$Šibirtu	qpn-x-places.x001154
@saao/saa01%akk-x-neoass:{URU}ŠE-{1}am-da-nu=Kapar-Amdanu[1//1]GN'GN$Kapar-Amdanu	qpn-x-places.x000638
@saao/saa01%akk-x-neoass:{KUR}lab-du-du=Labdudu[1//1]GN'GN$Labdudu	qpn-x-places.x000734
@saao/saa01%akk-x-neoass:{URU}la-rak=Larak[1//1]GN'GN$Larak	qpn-x-places.x000758
@saao/saa01%akk-x-neoass:{URU}iš-ta-hup=Ištahup[1//1]GN'GN$Ištahup	qpn-x-places.x000598
@saao/saa01%akk-x-neoass:{KUR}ha-lah₂-hi=Halahhu[1//1]GN'GN$Halahhi	qpn-x-places.x000428
@saao/saa01%akk-x-neoass:{KUR}hal-zi=Halzu[1//1]GN'GN$Halzi	qpn-x-places.x000460
@saao/saa01%akk-x-neoass:{URU}za-he-e=Zahe[1//1]GN'GN$Zahe	qpn-x-places.x001372
@saao/saa01%akk-x-neoass:{URU}gar-ga-mis=Gargamis[Carchemish//Carchemish]GN'GN$Gargamis	qpn-x-places.x000382
@saao/saa01%akk-x-neoass:{URU}ku-lu-man=Kuluman[1//1]GN'GN$Kuluman	qpn-x-places.x000702
@saao/saa01%akk-x-neoass:{KUR}hal-zi-AD.BAR=Halzi-atbar[1//1]GN'GN$Halzi-atbar	qpn-x-places.x000452
@saao/saa01%akk-x-neoass:{URU}KA₂.DINGIR.RA=Babili[Babylon//Babylon]GN'GN$Babili	qpn-x-places.x000150
@saao/saa01%akk-x-neoass:KA₂.DINGIR=Babili[Babylon//Babylon]GN'GN$Babili	qpn-x-places.x000150
@saao/saa01%akk-x-neoass:{URU}u₂-a.a-si=Waisi[1//1]GN'GN$Waisi	qpn-x-places.x001324
@saao/saa01%akk-x-neoass:{URU}di-maš-qa=Dimašqa[Damascus//Damascus]GN'GN$Dimašqa	qpn-x-places.x000266
@saao/saa01%akk-x-neoass:{KUR}il-li-pa=Ellipi[1//1]GN'GN$Illipa	qpn-x-places.x000358
@saao/saa01%akk-x-neoass:aš-šur-UR.MAH-MEŠ=Aššur-neše[Aššur-of-Lions//Aššur-of-Lions]GN'GN$Aššur-neše	qpn-x-places.x000134
@saao/saa01%akk-x-neoass:{KUR}u₂-a-za-un=Wazaun[1//1]GN'GN$Wazaun	qpn-x-places.x001340
{mat Akkadi[Babylonia//Babylonia]GN'GN}::@saao%akk-x-neoass:KUR-URI{KI}=mātu[land//land]N'N$māt++@saao%akk-x-neoass:KUR-URI{KI}=Akkadi[Akkad//Akkad]GN'GN$Akkadi	qpn-x-places.x000846
@saao/saa01%akk-x-neoass:{URU}01-te=Issete[1//1]GN'GN$Issete	qpn-x-places.x000590
@saao/saa01%akk-x-neoass:{KUR}ku-ki-bi=Kukab[1//1]GN'GN$Kukibi	qpn-x-places.x000694
@saao/saa01%akk-x-neoass:{URU}til-le-e=Tille[1//1]GN'GN$Tille	qpn-x-places.x001226
@saao/saa01%akk-x-neoass:{KUR}E₂-bar-ru-e=Bit-Barru[1//1]GN'GN$Bit-Barrue	qpn-x-places.x000242
@saao/saa01%akk-x-neoass:{URU}BAD₃-{1}MAN-GI.NA=Dur-Šarruken[1//1]GN'GN$Dur-Šarruken	qpn-x-places.x000304
@saao/saa01%akk-x-neoass:{URU}KA₂-bit-qi=Bab-bitqi[1//1]GN'GN$Bab-bitqi	qpn-x-places.x000174
@saao/saa01%akk-x-neoass:{URU}la-ba-ʾu-u=Labaʾu[1//1]GN'GN$Labaʾu	qpn-x-places.x000726
@saao/saa01%akk-x-neoass:{URU}DU₆-tu-u₂-ri=Til-Turi[1//1]GN'GN$Til-Turi	qpn-x-places.x001264
@saao/saa01%akk-x-neoass:{KUR}hal-lat-a-a=Hallataya[Hallatu//Hallatu]GN'GN$Hallataya	qpn-x-places.x000444
@saao/saa01%akk-x-neoass:{URU}qu-ra-ni=Qurani[1//1]GN'GN$Qurani	qpn-x-places.x000974
@saao/saa01%akk-x-neoass:URU-ša₂-{LU₂}DAM.QAR=Alu-ša-tamkari[Merchant Town//Merchant Town]GN'GN$Alu-ša-tamkari	qpn-x-places.x000016
@saao/saa01%akk-x-neoass:{URU}lu-ub-da=Lubda[1//1]GN'GN$Lubda	qpn-x-places.x000774
@saao/saa01%akk-x-neoass:{URU}il-hi-ni=Ilhini[1//1]GN'GN$Ilhini	qpn-x-places.x000566
@saao/saa01%akk-x-neoass:{URU}BAD₃-{1}MAN-GIN=Dur-Šarruken[1//1]GN'GN$Dur-Šarruken	qpn-x-places.x000304
@saao/saa01%akk-x-neoass:{URU}zab-ban=Zabban[1//1]GN'GN$Zabban	qpn-x-places.x001364
@saao/saa01%akk-x-neoass:{KUR}ma-na-a.a=Manna[Mannea//Mannea]GN'GN$Mannaya	qpn-x-places.x000814
@saao/saa01%akk-x-neoass:{KUR}tab-URU=Tabalu[Tabal//Tabal]GN'GN$Tabali	qpn-x-places.x001170
@saao/saa01%akk-x-neoass:{KUR}bar-hal-zi=Barhalza[1//1]GN'GN$Barhalzi	qpn-x-places.x000190
@saao/saa01%akk-x-neoass:{URU}KASKAL-ra-ni=Harranu[Harran//Harran]GN'GN$Harrani	qpn-x-places.x000484
@saao/saa01%akk-x-neoass:{KUR}ha-mu-du=Hamudu[1//1]GN'GN$Hamudu	qpn-x-places.x000476
@saao/saa01%akk-x-neoass:{URU}la-ap-si-a=Lapsia[1//1]GN'GN$Lapsia	qpn-x-places.x000742
@saao/saa01%akk-x-neoass:{URU}sik-ris=Sikris[1//1]GN'GN$Sikris	qpn-x-places.x001050
@saao/saa01%akk-x-neoass:{URU}bir-a-te=Birate[1//1]GN'GN$Birate	qpn-x-places.x000212
@saao/saa01%akk-x-neoass:{URU}KASKAL-ni=Harranu[Harran//Harran]GN'GN$Harrani	qpn-x-places.x000484
@saao/saa01%akk-x-neoass:{URU}ŠE-{1}DUMU-ia-ba=Kapar-Mariyaba[1//1]GN'GN$Kapar-Mariyaba	qpn-x-places.x000654
@saao/saa01%akk-x-neoass:{KUR}hi-in-za-ni=Hindanu[1//1]GN'GN$Hinzani	qpn-x-places.x000520
@saao/saa01%akk-x-neoass:{URU}ṣib-te=Ṣibtu[1//1]GN'GN$Ṣibte	qpn-x-places.x001112
@saao/saa01%akk-x-neoass:{URU}mu-ti-an-ni=Mutianni[1//1]GN'GN$Mutianni	qpn-x-places.x000894
@saao/saa01%akk-x-neoass:{URU}hu-za-za=Huzaza[1//1]GN'GN$Huzaza	qpn-x-places.x000558
@saao/saa01%akk-x-neoass:{KUR}ma-ni-iʾ=Maniʾ[1//1]GN'GN$Maniʾ	qpn-x-places.x000806
@saao/saa01%akk-x-neoass:{URU}si-ʾi-me-e=Siʾimme[1//1]GN'GN$Siʾimme	qpn-x-places.x001042
@saao/saa01%akk-x-neoass:{KUR}su-hi=Suhu[1//1]GN'GN$Suhi	qpn-x-places.x001082
@saao/saa01%akk-x-neoass:{URU}na-ṣib-na=Naṣibina[1//1]GN'GN$Naṣibina	qpn-x-places.x000910
@saao/saa01%akk-x-neoass:{URU}a-di-a=Adia[1//1]GN'GN$Adia	qpn-x-places.x000000
@saao/saa01%akk-x-neoass:{URU}di-maš-qi=Dimašqa[Damascus//Damascus]GN'GN$Dimašqi	qpn-x-places.x000266
@saao/saa01%akk-x-neoass:{URU}sa-ra-ga=Saraga[1//1]GN'GN$Saraga	qpn-x-places.x001026
@saao/saa01%akk-x-neoass:{URU}ku-ba-na-še=Kubanaše[1//1]GN'GN$Kubanaše	qpn-x-places.x000686
@saao/saa01%akk-x-neoass:{KUR}ga-mir=Gimir[Cimmeria//Cimmeria]GN'GN$Gamir	qpn-x-places.x000390
@saao/saa01%akk-x-neoass:{URU}ne₂-ri-bi=Nerab[1//1]GN'GN$Neribi	qpn-x-places.x000934
@saao/saa01%akk-x-neoass:{URU}lu-qa-še=Luqaše[1//1]GN'GN$Luqaše	qpn-x-places.x000782
@saao/saa01%akk-x-neoass:{KUR}mar-qa-si=Marqasa[1//1]GN'GN$Marqasi	qpn-x-places.x000826
@saao/saa01%akk-x-neoass:{URU}u₂-ra-am-mu=Urammu[1//1]GN'GN$Urammu	qpn-x-places.x001304
@saao/saa01%akk-x-neoass:{URU}ar-pad-da=Arpadda[Arpad//Arpad]GN'GN$Arpadda	qpn-x-places.x000088
@saao/saa01%akk-x-neoass:{URU}a-ni-su=Anisu[1//1]GN'GN$Anisu	qpn-x-places.x000040
@saao/saa01%akk-x-neoass:{URU}ur-zu-hi-na=Arzuhina[1//1]GN'GN$Urzuhina	qpn-x-places.x000126
@saao/saa01%akk-x-neoass:URU-aš-šur=Al-Aššur[Assur//Assur]GN'GN$Al-Aššur	qpn-x-places.x000024
@saao/saa01%akk-x-neoass:{KUR}qi-pa-ni=Qipanu[1//1]GN'GN$Qipani	qpn-x-places.x000966
@saao/saa01%akk-x-neoass:{URU}sa-me-ri-na=Samerina[Samaria//Samaria]GN'GN$Samerina	qpn-x-places.x001006
@saao/saa01%akk-x-neoass:{URU}mar-u₂-bi-si=Marubištu[1//1]GN'GN$Marubisi	qpn-x-places.x000838
@saao/saa01%akk-x-neoass:{URU}ni-nu-a=Ninua[Nineveh//Nineveh]GN'GN$Ninua	qpn-x-places.x000942
@saao/saa01%akk-x-neoass:{URU}ar-ia-u-a-te=Ariawate[1//1]GN'GN$Ariawate	qpn-x-places.x000072
@saao/saa01%akk-x-neoass:{URU}u₂-a-si=Waisi[1//1]GN'GN$Waisi	qpn-x-places.x001324
@saao/saa01%akk-x-neoass:{URU}mar-qa-si=Marqasa[1//1]GN'GN$Marqasi	qpn-x-places.x000826
@saao/saa01%akk-x-neoass:{URU}lu-ri-si-te=Lurisite[1//1]GN'GN$Lurisite	qpn-x-places.x000790
@saao/saa01%akk-x-neoass:NINA{KI}=Ninua[Nineveh//Nineveh]GN'GN$Ninua	qpn-x-places.x000942
@saao/saa01%akk-x-neoass:KA₂.DINGIR{KI}=Babili[Babylon//Babylon]GN'GN$Babili	qpn-x-places.x000150
@saao/saa01%akk-x-neoass:{URU}kal₃-ha=Kalhu[1//1]GN'GN$Kalha	qpn-x-places.x000620
@saao/saa01%akk-x-neoass:{URU}E₂.GAL-at=Ekallati[1//1]GN'GN$Ekallat	qpn-x-places.x000336
@saao/saa01%akk-x-neoass:{URU}NINA=Ninua[Nineveh//Nineveh]GN'GN$Ninua	qpn-x-places.x000942
@saao/saa01%akk-x-neoass:{URU}u₂-e-si=Waisi[1//1]GN'GN$Waisi	qpn-x-places.x001324
@saao/saa01%akk-x-neoass:{URU}u₂-ra-mu=Urammu[1//1]GN'GN$Urammu	qpn-x-places.x001304
@saao/saa01%akk-x-neoass:{URU}E₂-{1}u₂-ka-a-ni=Bit-Amukanni[1//1]GN'GN$Bit-Ukani	qpn-x-places.x000234
@saao/saa01%akk-x-neoass:{URU}mu-nu-uʾ=Munuʾ[1//1]GN'GN$Munuʾ	qpn-x-places.x000878
@saao/saa01%akk-x-neoass:{URU}sa-pir-ri-te=Sapirrutu[1//1]GN'GN$Sapirrite	qpn-x-places.x001014
@saao/saa01%akk-x-neoass:{KUR}PAB-ir=Gimir[Cimmeria//Cimmeria]GN'GN$Gimir	qpn-x-places.x000390
@saao/saa01%akk-x-neoass:{URU}u₂-ba-se-e=Ubase[1//1]GN'GN$Ubase	qpn-x-places.x001280
@saao/saa01%akk-x-neoass:{URU}el-iz-ki=Elizki[1//1]GN'GN$Elizki	qpn-x-places.x000350
@saao/saa01%akk-x-neoass:{URU}ta-si=Tasi[1//1]GN'GN$Tasi	qpn-x-places.x001210
{bab Aššur[Gate of Aššur//Gate of Aššur]GN'GN}::@saao%akk-x-neoass:KA₂-aš-šur=bābu[gate//gate]N'N$bāb++@saao%akk-x-neoass:KA₂-aš-šur=Aššur[1//1]DN'DN$Aššur	qpn-x-places.x000142
@saao/saa01%akk-x-neoass:{URU}sa-pi-ri-te=Sapirrutu[1//1]GN'GN$Sapirrite	qpn-x-places.x001014
@saao/saa01%akk-x-neoass:{URU}u₂-pu-mu=Upumu[1//1]GN'GN$Upumu	qpn-x-places.x001296
@saao/saa01%akk-x-neoass:{URU}si-in-ni=Sinnu[1//1]GN'GN$Sinni	qpn-x-places.x001058
@saao/saa01%akk-x-neoass:{URU}na-ṣi-bi-na=Naṣibina[1//1]GN'GN$Naṣibina	qpn-x-places.x000910
@saao/saa01%akk-x-neoass:{URU}arba-il₃=Arbail[Arbela//Arbela]GN'GN$Arbail	qpn-x-places.x000056
@saao/saa01%akk-x-neoass:{URU}ba-qar=Baqarru[1//1]GN'GN$Baqar	qpn-x-places.x000182
@saao/saa01%akk-x-neoass:{URU}EN-an=Adian[1//1]GN'GN$Adian	qpn-x-places.x000008
@saao/saa01%akk-x-neoass:{URU}tar-qu-na-ni=Tarqunani[1//1]GN'GN$Tarqunani	qpn-x-places.x001202
@saao/saa01%akk-x-neoass:{URU}si-ni=Sinu[1//1]GN'GN$Sini	qpn-x-places.x001066
@saao/saa01%akk-x-neoass:{URU}ṣi-mi-ri=Ṣimirra[1//1]GN'GN$Ṣimirra	qpn-x-places.x001120
@saao/saa01%akk-x-neoass:{KUR}ia-su-bu-qi=Yasubuqu[1//1]GN'GN$Yasubuqi	qpn-x-places.x001348
@saao/saa01%akk-x-neoass:KA₂.DINGIR.RA{KI}=Babili[Babylon//Babylon]GN'GN$Babili	qpn-x-places.x000150
@saao/saa01%akk-x-neoass:{URU}kur-ba-il₃=Kurbail[1//1]GN'GN$Kurbail	qpn-x-places.x000718
@saao/saa01%akk-x-neoass:{KUR}hab-ru-ri=Habruri[1//1]GN'GN$Habruri	qpn-x-places.x000420
@saao/saa01%akk-x-neoass:{URU}til-bar-si-ba=Til-Barsip[1//1]GN'GN$Til-Barsiba	qpn-x-places.x001238
@saao/saa01%akk-x-neoass:{URU}ar-za-bi-a=Arzabia[1//1]GN'GN$Arzabia	qpn-x-places.x000118
@saao/saa01%akk-x-neoass:{URU}bur-si-bi=Barsip[Borsippa//Borsippa]GN'GN$Bursibi	qpn-x-places.x000204
@saao/saa01%akk-x-neoass:{URU}tal-mu-sa=Talmusa[1//1]GN'GN$Talmusa	qpn-x-places.x001194
@saao/saa01%akk-x-neoass:{KUR}ta-ba-li=Tabalu[Tabal//Tabal]GN'GN$Tabali	qpn-x-places.x001170
@saao/saa01%akk-x-neoass:{URU}am-an-te=Amantu[1//1]GN'GN$Amante	qpn-x-places.x000032
@saao/saa01%akk-x-neoass:{URU}arrap-ha=Arrapha[1//1]GN'GN$Arrapha	qpn-x-places.x000106
@saao/saa01%akk-x-neoass:{URU}mil-qi-a=Milqia[1//1]GN'GN$Milqia	qpn-x-places.x000870
@saao/saa01%akk-x-neoass:{KUR}ha-lah₃-hi=Halahhu[1//1]GN'GN$Halahhi	qpn-x-places.x000428
@saao/saa01%akk-x-neoass:{URU}ne₂-med-{d}15=Nemed-Ištar[1//1]GN'GN$Nemed-Ištar	qpn-x-places.x000922
@saao/saa01%akk-x-neoass:{KUR}ra-ṣap-pa=Raṣappa[1//1]GN'GN$Raṣappa	qpn-x-places.x000998
@saao/saa01%akk-x-neoass:{URU}ap-ku=Apku[1//1]GN'GN$Apku	qpn-x-places.x000048
@saao/saa01%akk-x-neoass:{URU}HAL.ṢU=Birate[1//1]GN'GN$Birate	qpn-x-places.x000212
@saao/saa01%akk-x-neoass:{URU}he-e-sa=Hesa[1//1]GN'GN$Hesa	qpn-x-places.x000512
@saao/saa01%akk-x-neoass:{URU}ṣu-pi-te=Ṣupat[1//1]GN'GN$Ṣupite	qpn-x-places.x001128
@saao/saa01%akk-x-neoass:{URU}bi-rat=Birate[1//1]GN'GN$Birat	qpn-x-places.x000212
@saao/saa01%akk-x-neoass:{URU}su-mur-zu=Sumurzu[1//1]GN'GN$Sumurzu	qpn-x-places.x001096
@saao/saa01%akk-x-neoass:{URU}ŠA₃-URU=Libbi-ali[Inner City (Assur)//Inner City (Assur)]GN'GN$Libbi-ali	qpn-x-places.x000766
@saao/saa01%akk-x-neoass:{KUR}man-na-a.a=Manna[Mannea//Mannea]GN'GN$Mannaya	qpn-x-places.x000814
@saao/saa01%akk-x-neoass:{URU}tar-bu-si-bi=Til-Barsip[1//1]GN'GN$Tarbusibi	qpn-x-places.x001238
@saao/saa01%akk-x-neoass:{URU}si-par=Sippar[1//1]GN'GN$Sippar	qpn-x-places.x001074
@saao/saa01%akk-x-neoass:{URU}a-ri-di=Aridu[1//1]GN'GN$Aridi	qpn-x-places.x000080
@saao/saa01%akk-x-neoass:{URU}kal₃-zi=Kilizi[1//1]GN'GN$Kalzi	qpn-x-places.x000678
@saao/saa01%akk-x-neoass:{URU}nam-pi-gi=Nampigu[1//1]GN'GN$Nampigi	qpn-x-places.x000902
@saao/saa01%akk-x-neoass:{URU}BAD₃-MAN-GI.NA=Dur-Šarruken[1//1]GN'GN$Dur-Šarruken	qpn-x-places.x000304
@saao/saa01%akk-x-neoass:{URU}ha-ta-ri-ka=Hatarikka[1//1]GN'GN$Hatarikka	qpn-x-places.x000504
@saao/saa01%akk-x-neoass:{KUR}ha-la-hi=Halahhu[1//1]GN'GN$Halahhi	qpn-x-places.x000428
@saao/saa01%akk-x-neoass:{URU}KA₂.DINGIR{KI}=Babili[Babylon//Babylon]GN'GN$Babili	qpn-x-places.x000150
@saao/saa01%akk-x-neoass:{URU}BAD₃-{1}ia-ki-ni=Dur-Yakin[1//1]GN'GN$Dur-Yakini	qpn-x-places.x000328
@saao/saa01%akk-x-neoass:{KUR}hu-bu-uš-ki-a=Hubuškia[1//1]GN'GN$Hubuškia	qpn-x-places.x000550
@saao/saa01%akk-x-neoass:{KUR}gam-bu-li=Gambulu[1//1]GN'GN$Gambuli	qpn-x-places.x000374
@saao/saa01%akk-x-neoass:{URU}ar-gi-te=Argite[1//1]GN'GN$Argite	qpn-x-places.x000064
@saao/saa01%akk-x-neoass:{URU}hi-in-da-na=Hindanu[1//1]GN'GN$Hindana	qpn-x-places.x000520
@saao/saa01%akk-x-neoass:{KUR}il-la-ba-a-ni=Illabani[1//1]GN'GN$Illabani	qpn-x-places.x000574
@saao/saa01%akk-x-neoass:{URU}u₂-pi-a=Upi[Opis//Opis]GN'GN$Upia	qpn-x-places.x001288
@saao/saa01%akk-x-neoass:{URU}ar₂-pad-da=Arpadda[Arpad//Arpad]GN'GN$Arpadda	qpn-x-places.x000088
@saao/saa01%akk-x-neoass:{URU}E₂.GAL-MEŠ=Ekallati[1//1]GN'GN$Ekallati	qpn-x-places.x000336
@saao/saa01%akk-x-neoass:{KUR}la-qe-e=Laqe[1//1]GN'GN$Laqe	qpn-x-places.x000750
@saao/saa01%akk-x-neoass:{URU}ṣu-pat=Ṣupat[1//1]GN'GN$Ṣupat	qpn-x-places.x001128
@saao/saa01%akk-x-neoass:{URU}ar-pad-du=Arpadda[Arpad//Arpad]GN'GN$Arpaddu	qpn-x-places.x000088
@saao/saa01%akk-x-neoass:{URU}ši-i-tab-ni=Šitabni[1//1]GN'GN$Šitabni	qpn-x-places.x001162
@saao/saa01%akk-x-neoass:{URU}ša-bi-ri-šu₂=Šabirešu[1//1]GN'GN$Šabirešu	qpn-x-places.x001142
@saao/saa01%akk-x-neoass:{URU}BAD₃-{1}LUGAL-GIN=Dur-Šarruken[1//1]GN'GN$Dur-Šarruken	qpn-x-places.x000304
@saao/saa01%akk-x-neoass:arrap-ha{KI}=Arrapha[1//1]GN'GN$Arrapha	qpn-x-places.x000106
@saao/saa01%akk-x-neoass:{KUR}hab-hu=Habhu[1//1]GN'GN$Habhu	qpn-x-places.x000412
@saao/saa01%akk-x-neoass:{URU}he-en-za-na-na=Hindanu[1//1]GN'GN$Henzanana	qpn-x-places.x000520
@saao/saa01%akk-x-neoass:{URU}sa-za-na-a=Sazana[1//1]GN'GN$Sazana	qpn-x-places.x001034
@saao/saa01%akk-x-neoass:{KUR}bar-hal-za=Barhalza[1//1]GN'GN$Barhalza	qpn-x-places.x000190
@saao/saa01%akk-x-neoass:{URU}KASKAL=Harranu[Harran//Harran]GN'GN$Harrani	qpn-x-places.x000484
@saao/saa01%akk-x-neoass:{KUR}qu-e=Quwe[1//1]GN'GN$Quwe	qpn-x-places.x000982
@saao/saa01%akk-x-neoass:{URU}DUL-bur-si-bi=Til-Barsip[1//1]GN'GN$Til-Bursibi	qpn-x-places.x001238
@saao/saa01%akk-x-neoass:E₂-{1}pa-ru-ta=Bit-Purutaš[1//1]GN'GN$Bit-Paruta	qpn-x-places.x000250
@saao/saa01%akk-x-neoass:{URU}PU₂-MAN=Bur-šarri[1//1]GN'GN$Bur-šarri	qpn-x-places.x000258
@saao/saa01%akk-x-neoass:{URU}i-za-la=Izalla[1//1]GN'GN$Izalla	qpn-x-places.x000606
@saao/saa01%akk-x-neoass:{URU}til-e=Tille[1//1]GN'GN$Tille	qpn-x-places.x001226
@saao/saa01%akk-x-neoass:{URU}GAL-ṣa-ab-ri=Galṣabri[1//1]GN'GN$Galṣabri	qpn-x-places.x000366
@saao/saa01%akk-x-neoass:{URU}mu-ṣa-ṣir=Muṣaṣir[1//1]GN'GN$Muṣaṣir	qpn-x-places.x000886
@saao/saa01%akk-x-neoass:{URU}kal-hi=Kalhu[1//1]GN'GN$Kalhi	qpn-x-places.x000620
@saao/saa01%akk-x-neoass:{URU}ŠE-KAM-MEŠ=Kapar-Diqarate[1//1]GN'GN$Kapar-Diqarate	qpn-x-places.x000646
@saao/saa01%akk-x-neoass:{URU}kar-{d}UTU=Kar-Šamaš[1//1]GN'GN$Kar-Šamaš	qpn-x-places.x000662
@saao/saa01%akk-x-neoass:{URU}ku-um-me=Kumme[1//1]GN'GN$Kumme	qpn-x-places.x000710
@saao/saa01%akk-x-neoass:{URU}BAD₃=Duru[1//1]GN'GN$Duru	qpn-x-places.x000280
@saao/saa01%akk-x-neoass:{URU}A-MEŠ-DUG₃.GA-MEŠ=Me-ṭabute[1//1]GN'GN$Me-ṭabute	qpn-x-places.x000862
@saao/saa01%akk-x-neoass:{KUR}i-zal-li=Izalla[1//1]GN'GN$Izalli	qpn-x-places.x000606
@saao/saa01%akk-x-neoass:{URU}DUG₃.GA-ta-ia=Ṭabtaya[1//1]GN'GN$Ṭabtaya	qpn-x-places.x001272
@saao/saa01%akk-x-neoass:{URU}BAD₃-bi-li-ha-a.a=Dur-Balihaya[1//1]GN'GN$Dur-Bilihaya	qpn-x-places.x000288
@saao/saa01%akk-x-neoass:{URU}KASKAL=Harranu[Harran//Harran]GN'GN$Harranu	qpn-x-places.x000484
@saao/saa01%akk-x-neoass:{URU}BAD₃-la-di-ni=Dur-Ladini[1//1]GN'GN$Dur-Ladini	qpn-x-places.x000296
@saao/saa01%akk-x-neoass:{KUR}ta-bal=Tabalu[Tabal//Tabal]GN'GN$Tabal	qpn-x-places.x001170
@saao/saa01%akk-x-neoass:{KUR}ni-pu-ri=Nipur[1//1]GN'GN$Nipuri	qpn-x-places.x000958
