@saao/saa01%akk-x-neoass:{1}aš-šur-MAŠ=Aššur-ašared[1//1]PN'PN$Aššur-ašared	qpn-x-people.x000226
@saao/saa01%akk-x-neoass:{1}gab-bi-a-mur=Gabbu-amur[1//1]PN'PN$Gabbi-amur	qpn-x-people.x000552
@saao/saa01%akk-x-neoass:{1}EN-IGI-an-ni=Bel-emuranni[1//1]PN'PN$Bel-emuranni	qpn-x-people.x000424
@saao/saa01%akk-x-neoass:{1}aš-šur-da-lal=Aššur-dalal[1//1]PN'PN$Aššur-dalal	qpn-x-people.x000274
@saao/saa01%akk-x-neoass:{1}{d}AG-pa-šir=Nabu-pašir[1//1]PN'PN$Nabu-pašir	qpn-x-people.x001006
@saao/saa01%akk-x-neoass:{1}DINGIR-a.a-EN=Ilaʾi-Bel[1//1]PN'PN$Ilaʾi-Bel	qpn-x-people.x000638
@saao/saa01%akk-x-neoass:{1}DINGIR-iq-bi=Ilu-iqbi[1//1]PN'PN$Ilu-iqbi	qpn-x-people.x000654
@saao/saa01%akk-x-neoass:{1}na-a-ni=Nani[1//1]PN'PN$Nani	qpn-x-people.x001096
@saao/saa01%akk-x-neoass:{1}{d}PA-U-PAB=Nabu-belu-uṣur[1//1]PN'PN$Nabu-belu-uṣur	qpn-x-people.x000934
@saao/saa01%akk-x-neoass:{1}hu-un-ni-i=Hunni[1//1]PN'PN$Hunni	qpn-x-people.x000622
@saao/saa01%akk-x-neoass:{1}SIG₄-a.a=Simanayu[1//1]PN'PN$Simanaya	qpn-x-people.x001282
@saao/saa01%akk-x-neoass:{1}u₂-ri-ik=Urik[1//1]PN'PN$Urik	qpn-x-people.x001568
@saao/saa01%akk-x-neoass:{1}di-na-nu=Dinanu[1//1]PN'PN$Dinanu	qpn-x-people.x000512
@saao/saa01%akk-x-neoass:{1}aš₂-pa-ba-ri=Ašpa-bara[1//1]PN'PN$Ašpa-bari	qpn-x-people.x000212
@saao/saa01%akk-x-neoass:{1}DINGIR-bi-iʾ-di=Ilu-biʾdi[1//1]PN'PN$Ilu-biʾdi	qpn-x-people.x000646
@saao/saa01%akk-x-neoass:{1}sa-i₃-li₂=Saʾilu[1//1]PN'PN$Saʾili	qpn-x-people.x001212
@saao/saa01%akk-x-neoass:{1}hal-di-PAB=Haldi-naṣir[1//1]PN'PN$Haldi-naṣir	qpn-x-people.x000590
@saao/saa01%akk-x-neoass:{1}aš-šur-U-LAL=Aššur-belu-taqqin[1//1]PN'PN$Aššur-belu-taqqin	qpn-x-people.x000254
@saao/saa01%akk-x-neoass:{1}NUMUN-DU₃=Zeru-ibni[1//1]PN'PN$Zeru-ibni	qpn-x-people.x001624
@saao/saa01%akk-x-neoass:{1}{d}PA-ṣal-la=Nabu-uṣalla[1//1]PN'PN$Nabu-ṣalla	qpn-x-people.x001058
@saao/saa01%akk-x-neoass:{1}{d}PA-SU-PAB-MEŠ=Nabu-riba-ahhe[1//1]PN'PN$Nabu-riba-ahhe	qpn-x-people.x001018
@saao/saa01%akk-x-neoass:{1}{d}PA-NUMUN-GIN-GIŠ=Nabu-zer-ketti-lešir[1//1]PN'PN$Nabu-zer-ketti-lešir	qpn-x-people.x001072
@saao/saa01%akk-x-neoass:{1}BAD₃-{d}IM=Duri-Adad[1//1]PN'PN$Duri-Adad	qpn-x-people.x000528
@saao/saa01%akk-x-neoass:{1}na-ga-a=Nagaha[1//1]PN'PN$Nagaha	qpn-x-people.x001088
@saao/saa01%akk-x-neoass:{1}ki-la-ar=Kilar[1//1]PN'PN$Kilar	qpn-x-people.x000746
@saao/saa01%akk-x-neoass:{1}SUHUŠ-KA₂.DINGIR=Ubru-Babili[1//1]PN'PN$Ubru-Babili	qpn-x-people.x001528
@saao/saa01%akk-x-neoass:{1}IM-DU₃=Adad-ibni[1//1]PN'PN$Adad-ibni	qpn-x-people.x000024
@saao/saa01%akk-x-neoass:{1}se-eʾ-lu-ki-di=Seʾ-lukidi[1//1]PN'PN$Seʾ-lukidi	qpn-x-people.x001262
@saao/saa01%akk-x-neoass:{1}a-ba-tu₂=Abattu[1//1]PN'PN$Abattu	qpn-x-people.x000000
@saao/saa01%akk-x-neoass:{1}iš-pa-ba-ra=Ašpa-bara[1//1]PN'PN$Išpa-bara	qpn-x-people.x000212
@saao/saa01%akk-x-neoass:{1}gid₂-gi-da-a-nu=Gidgiddanu[1//1]PN'PN$Gidgiddanu	qpn-x-people.x000560
@saao/saa01%akk-x-neoass:{1}DUG₃.GA-ṣil-E₂.ŠAR₂.RA=Ṭab-ṣil-Ešarra[1//1]PN'PN$Ṭab-ṣil-Ešarra	qpn-x-people.x001492
@saao/saa01%akk-x-neoass:{1}ARAD-{d}15=Urdu-Issar[1//1]PN'PN$Urdu-Issar	qpn-x-people.x001560
@saao/saa01%akk-x-neoass:{1}aš-šur-TEŠ₂-UN-MEŠ=Aššur-balti-niše[1//1]PN'PN$Aššur-balti-niše	qpn-x-people.x000234
@saao/saa01%akk-x-neoass:{1}{d}U.GUR-PAB-ir=Nergal-naṣir[1//1]PN'PN$Nergal-naṣir	qpn-x-people.x001116
@saao/saa01%akk-x-neoass:{1}lu-tu-u₂=Lutu[1//1]PN'PN$Lutu	qpn-x-people.x000818
@saao/saa01%akk-x-neoass:{1}aš-šur-TEŠ₂-UN-MEŠ-ma=Aššur-balti-niše[1//1]PN'PN$Aššur-balti-niše	qpn-x-people.x000234
@saao/saa01%akk-x-neoass:{1}{d}UTU-DINGIR-a.a=Šamaš-ilaʾi[1//1]PN'PN$Šamaš-ilaʾi	qpn-x-people.x001358
@saao/saa01%akk-x-neoass:{1}{d}PA-bal-liṭ=Nabu-balliṭ[1//1]PN'PN$Nabu-balliṭ	qpn-x-people.x000918
@saao/saa01%akk-x-neoass:{1}la-bar-mu-u=Labarmu[1//1]PN'PN$Labarmu	qpn-x-people.x000802
@saao/saa01%akk-x-neoass:{1}ina-IM-EN-DU-ak=Ina-šar-Bel-allak[1//1]PN'PN$Ina-šar-Bel-allak	qpn-x-people.x000682
@saao/saa01%akk-x-neoass:{1}a-me-ri=Amiru[1//1]PN'PN$Amiri	qpn-x-people.x000128
@saao/saa01%akk-x-neoass:{1}{d}AMAR.UTU-SU=Marduk-eriba[1//1]PN'PN$Marduk-eriba	qpn-x-people.x000866
@saao/saa01%akk-x-neoass:{1}PAB-TUKU-ši=Ahu-lurši[1//1]PN'PN$Ahu-lurši	qpn-x-people.x000100
@saao/saa01%akk-x-neoass:{1}{d}PA-MU-PAB=Nabu-šumu-uṣur[1//1]PN'PN$Nabu-šumu-uṣur	qpn-x-people.x001050
@saao/saa01%akk-x-neoass:{1}sa-an-da-pi-i=Sanda-pi[1//1]PN'PN$Sanda-pi	qpn-x-people.x001246
@saao/saa01%akk-x-neoass:{1}SUHUŠ-ŠA₃-URU=Ubru-Libbali[1//1]PN'PN$Ubru-Libbali	qpn-x-people.x001536
@saao/saa01%akk-x-neoass:{1}{d}sa-am-nu-ha-U-PAB=Samnuha-belu-uṣur[1//1]PN'PN$Samnuha-belu-uṣur	qpn-x-people.x001220
@saao/saa01%akk-x-neoass:{1}bal-ṭi-iq-bi=Balṭi-iqbi[1//1]PN'PN$Balṭi-iqbi	qpn-x-people.x000384
@saao/saa01%akk-x-neoass:{1}SUHUŠ-{d}PA=Ubru-Nabu[1//1]PN'PN$Ubru-Nabu	qpn-x-people.x001544
@saao/saa01%akk-x-neoass:{1}{d}UTU-u₂-pa-hir₂=Šamaš-upahhir[1//1]PN'PN$Šamaš-upahhir	qpn-x-people.x001366
@saao/saa01%akk-x-neoass:{1}aš-šur-SAG-i-ši=Aššur-reši-išši[1//1]PN'PN$Aššur-reši-išši	qpn-x-people.x000322
@saao/saa01%akk-x-neoass:{1}DUG₃-IM-aš-šur=Ṭab-šar-Aššur[1//1]PN'PN$Ṭab-šar-Aššur	qpn-x-people.x001512
@saao/saa01%akk-x-neoass:{1}GIN-i=Keni[1//1]PN'PN$Keni	qpn-x-people.x000730
@saao/saa01%akk-x-neoass:{1}{d}MES-rem₂-a-ni=Marduk-remanni[1//1]PN'PN$Marduk-remanni	qpn-x-people.x000878
@saao/saa01%akk-x-neoass:{1}{d}sa-am-nu-hu-U-PAB=Samnuha-belu-uṣur[1//1]PN'PN$Samnuhu-belu-uṣur	qpn-x-people.x001220
@saao/saa01%akk-x-neoass:{1}EN-BAD₃=Bel-duri[1//1]PN'PN$Bel-duri	qpn-x-people.x000416
@saao/saa01%akk-x-neoass:{1}I-DINGIR=Naʾdi-ilu[1//1]PN'PN$Naʾdi-ilu	qpn-x-people.x001080
@saao/saa01%akk-x-neoass:{1}aš-šur-be₂-sun₂=Aššur-bessunu[1//1]PN'PN$Aššur-bessunu	qpn-x-people.x000266
@saao/saa01%akk-x-neoass:{1}tak-lak-EN=Taklak-ana-Bel[1//1]PN'PN$Taklak-Bel	qpn-x-people.x001446
@saao/saa01%akk-x-neoass:{1}ba-la-su=Balassu[1//1]PN'PN$Balassu	qpn-x-people.x000376
@saao/saa01%akk-x-neoass:{1}aš-šur-MU-ki-in=Aššur-šumu-kaʾʾin[1//1]PN'PN$Aššur-šumu-kaʾʾin	qpn-x-people.x000346
@saao/saa01%akk-x-neoass:{1}ki-ba-ba-še=Kibabiše[1//1]PN'PN$Kibabaše	qpn-x-people.x000738
@saao/saa01%akk-x-neoass:{1}{d}AMAR.UTU-rem₂-a-ni=Marduk-remanni[1//1]PN'PN$Marduk-remanni	qpn-x-people.x000878
@saao/saa01%akk-x-neoass:{1}{d}AG-KAR-ir-ZI-MEŠ=Nabu-eṭir-napšati[1//1]PN'PN$Nabu-eṭir-napšati	qpn-x-people.x000982
@saao/saa01%akk-x-neoass:{1}{d}sa-am-nu-hu-be₂-su-nu=Samnuha-bessunu[1//1]PN'PN$Samnuhu-bessunu	qpn-x-people.x001238
@saao/saa01%akk-x-neoass:{1}LUGAL-nu-ri=Šarru-nuri[1//1]PN'PN$Šarru-nuri	qpn-x-people.x001398
@saao/saa01%akk-x-neoass:{1}ra-aʾ-su-nu=Raʾsunu[1//1]PN'PN$Raʾsunu	qpn-x-people.x001172
@saao/saa01%akk-x-neoass:{1}si-li-i=Sili[1//1]PN'PN$Sili	qpn-x-people.x001274
@saao/saa01%akk-x-neoass:{1}{d}PA-EN-GIN=Nabu-belu-kaʾʾin[1//1]PN'PN$Nabu-belu-kaʾʾin	qpn-x-people.x000926
@saao/saa01%akk-x-neoass:{1}SAG.DU-a-nu=Kaqqadanu[1//1]PN'PN$Kaqqadanu	qpn-x-people.x000722
@saao/saa01%akk-x-neoass:{1}gid₂-gi-da-a-ni=Gidgiddanu[1//1]PN'PN$Gidgiddani	qpn-x-people.x000560
@saao/saa01%akk-x-neoass:{1}{d}30-SUM-na=Sin-iddina[1//1]PN'PN$Sin-iddina	qpn-x-people.x001310
@saao/saa01%akk-x-neoass:{1}DUG₃.GA-ṣil-E₂.ŠAR₂=Ṭab-ṣil-Ešarra[1//1]PN'PN$Ṭab-ṣil-Ešarra	qpn-x-people.x001492
@saao/saa01%akk-x-neoass:{1}ŠEŠ-lu-ur-ši=Ahu-lurši[1//1]PN'PN$Ahu-lurši	qpn-x-people.x000100
@saao/saa01%akk-x-neoass:{1}DINGIR-mu-še-zib=Ilu-mušezib[1//1]PN'PN$Ilu-mušezib	qpn-x-people.x000662
@saao/saa01%akk-x-neoass:{1}{d}PA-še-zib-an-ni=Nabu-šezibanni[1//1]PN'PN$Nabu-šezibanni	qpn-x-people.x001034
@saao/saa01%akk-x-neoass:{1}ku-za-a=Kuza[1//1]PN'PN$Kuza	qpn-x-people.x000794
@saao/saa01%akk-x-neoass:{1}e-pa-a=Epa[1//1]PN'PN$Epa	qpn-x-people.x000536
@saao/saa01%akk-x-neoass:{1}zab-bu-u-a=Zabbua[1//1]PN'PN$Zabbua	qpn-x-people.x001600
@saao/saa01%akk-x-neoass:{1}{d}U.GUR-bal-liṭ=Nergal-balliṭ[1//1]PN'PN$Nergal-balliṭ	qpn-x-people.x001108
@saao/saa01%akk-x-neoass:{1}hum-be₂-e=Humbe[1//1]PN'PN$Humbe	qpn-x-people.x000614
@saao/saa01%akk-x-neoass:{1}{d}AG-MU-AŠ=Nabu-šumu-iddina[1//1]PN'PN$Nabu-šumu-iddina	qpn-x-people.x001042
@saao/saa01%akk-x-neoass:{1}za-bi-na-DINGIR=Zabina-ili[1//1]PN'PN$Zabina-ili	qpn-x-people.x001608
@saao/saa01%akk-x-neoass:{1}EN-lu-TI.LA=Belu-lu-balaṭ[1//1]PN'PN$Belu-lu-balaṭ	qpn-x-people.x000400
@saao/saa01%akk-x-neoass:{1}EN-iq-bi=Bel-iqbi[1//1]PN'PN$Bel-iqbi	qpn-x-people.x000440
@saao/saa01%akk-x-neoass:{1}10-AD-u-a=Adad-abuʾa[1//1]PN'PN$Adad-abuʾa	qpn-x-people.x000016
@saao/saa01%akk-x-neoass:{1}ak-bur=Akburu[1//1]PN'PN$Akbur	qpn-x-people.x000112
@saao/saa01%akk-x-neoass:{1}na-ni-i=Nani[1//1]PN'PN$Nani	qpn-x-people.x001096
@saao/saa01%akk-x-neoass:{1}{d}PA-ZU=Nabu-leʾi[1//1]PN'PN$Nabu-leʾi	qpn-x-people.x000990
@saao/saa01%akk-x-neoass:{1}aš-šur-MAN-PAB=Aššur-šarru-uṣur[1//1]PN'PN$Aššur-šarru-uṣur	qpn-x-people.x000338
@saao/saa01%akk-x-neoass:{1}me-ta-a=Mita[Midas//Midas]PN'PN$Meta	qpn-x-people.x000910
@saao/saa01%akk-x-neoass:{1}{d}30-SAG.KAL=Sin-ašared[1//1]PN'PN$Sin-ašared	qpn-x-people.x001302
@saao/saa01%akk-x-neoass:{1}ra-ah-di-a-ba=Rahdiaba[1//1]PN'PN$Rahdiaba	qpn-x-people.x001164
@saao/saa01%akk-x-neoass:{1}da-di-su-ri=Dadi-suri[1//1]PN'PN$Dadi-suri	qpn-x-people.x000496
@saao/saa01%akk-x-neoass:{1}DI-EN-la-aš₂-me=Šulmu-beli-lašme[1//1]PN'PN$Šulmu-beli-lašme	qpn-x-people.x001422
@saao/saa01%akk-x-neoass:{1}10-KI-ia=Adad-isseʾa[1//1]PN'PN$Adad-isseʾa	qpn-x-people.x000044
@saao/saa01%akk-x-neoass:{1}aš-šur-KAM-eš=Aššur-ereš[1//1]PN'PN$Aššur-ereš	qpn-x-people.x000282
@saao/saa01%akk-x-neoass:{1}AMAR.UTU-SU=Marduk-eriba[1//1]PN'PN$Marduk-eriba	qpn-x-people.x000866
@saao/saa01%akk-x-neoass:{1}me-tu-nu=Metunu[1//1]PN'PN$Metunu	qpn-x-people.x000902
@saao/saa01%akk-x-neoass:{1}bur-ṣa-ru-ru=Bar-Ṣaruri[1//1]PN'PN$Bur-Ṣaruru	qpn-x-people.x000392
@saao/saa01%akk-x-neoass:{1}da-na-a=Dannaya[1//1]PN'PN$Dannaya	qpn-x-people.x000504
@saao/saa01%akk-x-neoass:{1}aš-šur-re-ṣu-u-a=Aššur-reṣuwa[1//1]PN'PN$Aššur-reṣuwa	qpn-x-people.x000314
@saao/saa01%akk-x-neoass:{1}ku-na-a=Kuna[1//1]PN'PN$Kuna	qpn-x-people.x000786
@saao/saa01%akk-x-neoass:{1}ra-ṣa-pa-a.a=Raṣappaya[1//1]PN'PN$Raṣappaya	qpn-x-people.x001180
@saao/saa01%akk-x-neoass:{1}HAL-ni-aš-šur=Išmanni-Aššur[1//1]PN'PN$Išmanni-Aššur	qpn-x-people.x000710
@saao/saa01%akk-x-neoass:{1}tak-lak-a-na-EN=Taklak-ana-Bel[1//1]PN'PN$Taklak-ana-Bel	qpn-x-people.x001446
@saao/saa01%akk-x-neoass:{1}ṣu-lu-lu=Ṣululu[1//1]PN'PN$Ṣululu	qpn-x-people.x001334
@saao/saa01%akk-x-neoass:{1}{d}UTU-EN-PAB=Šamaš-belu-uṣur[1//1]PN'PN$Šamaš-belu-uṣur	qpn-x-people.x001350
@saao/saa01%akk-x-neoass:{1}DINGIR-pi-ia-PAB=Ilu-piya-uṣur[1//1]PN'PN$Ilu-piya-uṣur	qpn-x-people.x000670
@saao/saa01%akk-x-neoass:{1}mar-di-i=Mardi[1//1]PN'PN$Mardi	qpn-x-people.x000850
@saao/saa01%akk-x-neoass:{1}ki-mu-ma-a.a=Kimumaya[1//1]PN'PN$Kimumaya	qpn-x-people.x000754
@saao/saa01%akk-x-neoass:{1}{d}MAŠ-DINGIR-a.a=Inurta-ilaʾi[1//1]PN'PN$Inurta-ilaʾi	qpn-x-people.x000702
@saao/saa01%akk-x-neoass:{1}{d}UTU-PAB-AŠ=Šamaš-ahu-iddina[1//1]PN'PN$Šamaš-ahu-iddina	qpn-x-people.x001342
@saao/saa01%akk-x-neoass:{1}{d}IM-ib-ni=Adad-ibni[1//1]PN'PN$Adad-ibni	qpn-x-people.x000024
@saao/saa01%akk-x-neoass:{1}ki-na-a=Kina[1//1]PN'PN$Kina	qpn-x-people.x000762
@saao/saa01%akk-x-neoass:{1}{d}PA-u₂-ṣal-la=Nabu-uṣalla[1//1]PN'PN$Nabu-uṣalla	qpn-x-people.x001058
@saao/saa01%akk-x-neoass:{1}LAL-nu=Tuqunu[1//1]PN'PN$Tuqunu	qpn-x-people.x001476
@saao/saa01%akk-x-neoass:{1}{d}IR₃.RA-ga-mil=Erra-gamil[1//1]PN'PN$Erra-gamil	qpn-x-people.x000544
@saao/saa01%akk-x-neoass:{1}ZALAG₂-{d}30=Nur-Sin[1//1]PN'PN$Nur-Sin	qpn-x-people.x001124
@saao/saa01%akk-x-neoass:{1}hu-li-i=Huli[1//1]PN'PN$Huli	qpn-x-people.x000606
@saao/saa01%akk-x-neoass:{1}GIR₃.2-aš-šur=Šep-Aššur[1//1]PN'PN$Šep-Aššur	qpn-x-people.x001406
@saao/saa01%akk-x-neoass:{1}man-nu-ki-{d}IM=Mannu-ki-Adad[1//1]PN'PN$Mannu-ki-Adad	qpn-x-people.x000826
@saao/saa01%akk-x-neoass:{1}LUGAL-lu-da-a-ri=Šarru-lu-dari[1//1]PN'PN$Šarru-lu-dari	qpn-x-people.x001386
@saao/saa01%akk-x-neoass:{1}{d}IM-rem₂-an-ni=Adad-remanni[1//1]PN'PN$Adad-remanni	qpn-x-people.x000060
@saao/saa01%akk-x-neoass:{1}zi-zi-ru=Ziziru[1//1]PN'PN$Ziziru	qpn-x-people.x001636
@saao/saa01%akk-x-neoass:{1}DINGIR-KA-a-PAB=Ilu-piya-uṣur[1//1]PN'PN$Ilu-piya-uṣur	qpn-x-people.x000670
@saao/saa01%akk-x-neoass:{1}aš-šur-I=Aššur-naʾdi[1//1]PN'PN$Aššur-naʾdi	qpn-x-people.x000298
@saao/saa01%akk-x-neoass:{1}{d}IM-nu-ri=Adad-nuri[1//1]PN'PN$Adad-nuri	qpn-x-people.x000052
@saao/saa01%akk-x-neoass:{1}aš-šur-SUM-PAB-MEŠ=Aššur-nadin-ahhe[1//1]PN'PN$Aššur-nadin-ahhe	qpn-x-people.x000306
@saao/saa01%akk-x-neoass:{1}du-gul-IGI-DINGIR=Dugul-pan-ili[1//1]PN'PN$Dugul-pan-ili	qpn-x-people.x000520
@saao/saa01%akk-x-neoass:{1}{d}PA-BAD₃-ma-ki-e=Nabu-dur-maki[1//1]PN'PN$Nabu-dur-maki	qpn-x-people.x000974
@saao/saa01%akk-x-neoass:{1}šu-zu-bu=Šuzubu[1//1]PN'PN$Šuzubu	qpn-x-people.x001430
@saao/saa01%akk-x-neoass:{1}sa-am-nu-hu-U-PAB=Samnuha-belu-uṣur[1//1]PN'PN$Samnuhu-belu-uṣur	qpn-x-people.x001220
@saao/saa01%akk-x-neoass:{1}{d}MAŠ-EN-PAB=Inurta-belu-uṣur[1//1]PN'PN$Inurta-belu-uṣur	qpn-x-people.x000694
@saao/saa01%akk-x-neoass:{1}li-li-i=Lili[1//1]PN'PN$Lili	qpn-x-people.x000810
@saao/saa01%akk-x-neoass:{1}EN-nu-ri=Bel-nuri[1//1]PN'PN$Bel-nuri	qpn-x-people.x000468
@saao/saa01%akk-x-neoass:{1}aš-šur-DINGIR-a.a=Aššur-ilaʾi[1//1]PN'PN$Aššur-ilaʾi	qpn-x-people.x000290
@saao/saa01%akk-x-neoass:{1}ur-za-an-na=Urzana[1//1]PN'PN$Urzanna	qpn-x-people.x001584
@saao/saa01%akk-x-neoass:{1}DUG₃.GA-IM-aš-šur=Ṭab-šar-Aššur[1//1]PN'PN$Ṭab-šar-Aššur	qpn-x-people.x001512
@saao/saa01%akk-x-neoass:{1}{d}PA-de-ni-DU₃-uš=Nabu-deni-epuš[1//1]PN'PN$Nabu-deni-epuš	qpn-x-people.x000958
@saao/saa01%akk-x-neoass:{1}za-ri-i=Zari[1//1]PN'PN$Zari	qpn-x-people.x001616
@saao/saa01%akk-x-neoass:{1}{d}PA-SIG₅-iq=Nabu-deʾiq[1//1]PN'PN$Nabu-deʾiq	qpn-x-people.x000950
@saao/saa01%akk-x-neoass:{1}DUMU.UŠ-ia=Aplaya[1//1]PN'PN$Aplaya	qpn-x-people.x000152
@saao/saa01%akk-x-neoass:{1}IGI-aš-šur-la-mur=Pan-Aššur-lamur[1//1]PN'PN$Pan-Aššur-lamur	qpn-x-people.x001132
@saao/saa01%akk-x-neoass:{1}{d}EN-iq-bi=Bel-iqbi[1//1]PN'PN$Bel-iqbi	qpn-x-people.x000440
@saao/saa01%akk-x-neoass:{1}EN-ZALAG₂=Bel-nuri[1//1]PN'PN$Bel-nuri	qpn-x-people.x000468
@saao/saa01%akk-x-neoass:{1}AD-GIŠ=Abu-lešir[1//1]PN'PN$Abu-lešir	qpn-x-people.x000008
@saao/saa01%akk-x-neoass:{1}aš-šur-EN-LAL=Aššur-belu-taqqin[1//1]PN'PN$Aššur-belu-taqqin	qpn-x-people.x000254
@saao/saa01%akk-x-neoass:{1}se-e-lu-ki-di=Seʾ-lukidi[1//1]PN'PN$Seʾ-lukidi	qpn-x-people.x001262
@saao/saa01%akk-x-neoass:{1}ki-ṣir-aš-šur=Kiṣir-Aššur[1//1]PN'PN$Kiṣir-Aššur	qpn-x-people.x000770
@saao/saa01%akk-x-neoass:{1}tar-ri-ki-hal-lu=Tarriki-hallu[1//1]PN'PN$Tarriki-hallu	qpn-x-people.x001468
@saao/saa01%akk-x-neoass:{1}{d}IM-i-ri-ba=Adad-iriba[1//1]PN'PN$Adad-iriba	qpn-x-people.x000036
@saao/saa01%akk-x-neoass:{1}man-nu-ki-aš-šur=Mannu-ki-Aššur[1//1]PN'PN$Mannu-ki-Aššur	qpn-x-people.x000834
@saao/saa01%akk-x-neoass:{1}ar-ie-e=Ariye[1//1]PN'PN$Ariye	qpn-x-people.x000184
@saao/saa01%akk-x-neoass:{1}a-ri-e=Ariye[1//1]PN'PN$Ariye	qpn-x-people.x000184
@saao/saa01%akk-x-neoass:{1}HAL-a-ni-aš-šur=Išmanni-Aššur[1//1]PN'PN$Išmanni-Aššur	qpn-x-people.x000710
@saao/saa01%akk-x-neoass:{1}LUGAL-IGI.LAL-an-ni=Šarru-emuranni[1//1]PN'PN$Šarru-emuranni	qpn-x-people.x001374
@saao/saa01%akk-x-neoass:{1}MAN-lu-da₃-ri=Šarru-lu-dari[1//1]PN'PN$Šarru-lu-dari	qpn-x-people.x001386
@saao/saa01%akk-x-neoass:{1}DI-mu-EN=Šulmu-beli[1//1]PN'PN$Šulmu-beli	qpn-x-people.x001414
@saao/saa01%akk-x-neoass:{1}U.U-DU₃=Dadi-ibni[1//1]PN'PN$Dadi-ibni	qpn-x-people.x000488
@saao/saa01%akk-x-neoass:{1}ri-mu-te=Remutu[1//1]PN'PN$Remute	qpn-x-people.x001196
@saao/saa01%akk-x-neoass:{1}arba-il₃-a.a=Arbailayu[1//1]PN'PN$Arbailaya	qpn-x-people.x000168
@saao/saa01%akk-x-neoass:{MI₂}NIN-AD-ša₂=Ahat-abiša[1//1]PN'PN$Ahat-abiša	qpn-x-people.x000084
@saao/saa01%akk-x-neoass:{1}PAB-DU-ka=Ahu-illika[1//1]PN'PN$Ahu-illika	qpn-x-people.x000092
@saao/saa01%akk-x-neoass:{1}EN-KAR-ir=Bel-eṭir[1//1]PN'PN$Bel-eṭir	qpn-x-people.x000432
@saao/saa01%akk-x-neoass:{1}rem₂-ni-10=Remanni-Adad[1//1]PN'PN$Remanni-Adad	qpn-x-people.x001188
@saao/saa01%akk-x-neoass:{1}DUG₃.GA-i=Ṭabi[1//1]PN'PN$Ṭabi	qpn-x-people.x001484
@saao/saa01%akk-x-neoass:{1}a-mar-DINGIR=Amar-ili[1//1]PN'PN$Amar-ili	qpn-x-people.x000120
@saao/saa01%akk-x-neoass:{1}hu-zi-ri=Huziru[1//1]PN'PN$Huziri	qpn-x-people.x000630
@saao/saa01%akk-x-neoass:{1}sa-dir=Sadiru[1//1]PN'PN$Sadiru	qpn-x-people.x001204
@saao/saa01%akk-x-neoass:{1}10-šum₂-ki=Adda-šumki[1//1]PN'PN$Adda-šumki	qpn-x-people.x000076
@saao/saa01%akk-x-neoass:{1}{d}PA-pa-šir=Nabu-pašir[1//1]PN'PN$Nabu-pašir	qpn-x-people.x001006
@saao/saa01%akk-x-neoass:{1}ul-lu-su-nu=Ullusunu[1//1]PN'PN$Ullusunu	qpn-x-people.x001552
@saao/saa01%akk-x-neoass:{1}EN-de-ni-a-mur=Bel-deni-amur[1//1]PN'PN$Bel-deni-amur	qpn-x-people.x000408
@saao/saa01%akk-x-neoass:{1}aš-šur-MU-GIN=Aššur-šumu-kaʾʾin[1//1]PN'PN$Aššur-šumu-kaʾʾin	qpn-x-people.x000346
@saao/saa01%akk-x-neoass:{1}se-eʾ-ga-ba-ri=Seʾ-gabbari[1//1]PN'PN$Seʾ-gabbari	qpn-x-people.x001254
@saao/saa01%akk-x-neoass:{1}aš-šur-ba-ni=Aššur-bani[1//1]PN'PN$Aššur-bani	qpn-x-people.x000246
@saao/saa01%akk-x-neoass:{1}tab-ni-DINGIR=Tabni-ilu[1//1]PN'PN$Tabni-ilu	qpn-x-people.x001438
@saao/saa01%akk-x-neoass:{1}ia-ʾi-i-ru=Yaʾiru[1//1]PN'PN$Yaʾiru	qpn-x-people.x001592
@saao/saa01%akk-x-neoass:{1}{d}MES-MU-SUM-na=Marduk-šumu-iddina[1//1]PN'PN$Marduk-šumu-iddina	qpn-x-people.x000890
@saao/saa01%akk-x-neoass:{1}mar-du-u=Mardu[1//1]PN'PN$Mardu	qpn-x-people.x000858
@saao/saa01%akk-x-neoass:{1}IM-ṣil-E₂.ŠAR₂.RA=Ṭab-ṣil-Ešarra[1//1]PN'PN$Ṭab-ṣil-Ešarra	qpn-x-people.x001492
@saao/saa01%akk-x-neoass:{1}30-PAB-MEŠ-SU=Sin-ahhe-eriba[Sennacherib//Sennacherib]PN'PN$Sin-ahhe-eriba	qpn-x-people.x001290
@saao/saa01%akk-x-neoass:{1}a-ša₂-pi=Ašapi[1//1]PN'PN$Ašapi	qpn-x-people.x000196
@saao/saa01%akk-x-neoass:{1}pa-qa-ha=Paqaha[1//1]PN'PN$Paqaha	qpn-x-people.x001140
@saao/saa01%akk-x-neoass:{1}ap-pa-a=Appa[1//1]PN'PN$Appa	qpn-x-people.x000160
@saao/saa01%akk-x-neoass:{1}a-mi-li-iʾ-ti=Ammi-leti[1//1]PN'PN$Ammi-leʾti	qpn-x-people.x000144
@saao/saa01%akk-x-neoass:{1}{d}PA-še-zib=Nabu-šezib[1//1]PN'PN$Nabu-šezib	qpn-x-people.x001026
@saao/saa01%akk-x-neoass:{1}da-da-a=Dada[1//1]PN'PN$Dada	qpn-x-people.x000480
@saao/saa01%akk-x-neoass:{1}ur-pala-a=Urpalaʾa[1//1]PN'PN$Urpalaʾa	qpn-x-people.x001576
@saao/saa01%akk-x-neoass:{1}DUG₃.GA-IM-{d}aš-šur=Ṭab-šar-Aššur[1//1]PN'PN$Ṭab-šar-Aššur	qpn-x-people.x001512
@saao/saa01%akk-x-neoass:{1}a-me-ri=Amiru[1//1]PN'PN$Ameri	qpn-x-people.x000128
@saao/saa01%akk-x-neoass:{1}10-ha-ti=Adda-hati[1//1]PN'PN$Adda-hati	qpn-x-people.x000068
@saao/saa01%akk-x-neoass:{1}a-ri-hi=Arihu[1//1]PN'PN$Arihi	qpn-x-people.x000176
@saao/saa01%akk-x-neoass:{1}a-mi-ri=Amiru[1//1]PN'PN$Amiri	qpn-x-people.x000128
@saao/saa01%akk-x-neoass:{1}ina-IM-EN-a-lak=Ina-šar-Bel-allak[1//1]PN'PN$Ina-šar-Bel-allak	qpn-x-people.x000682
@saao/saa01%akk-x-neoass:{1}NUMUN-ib-ni=Zeru-ibni[1//1]PN'PN$Zeru-ibni	qpn-x-people.x001624
@saao/saa01%akk-x-neoass:{1}ba-hi-a-nu=Bahianu[1//1]PN'PN$Bahianu	qpn-x-people.x000362
@saao/saa01%akk-x-neoass:{1}ta-ri-ba-15=Tariba-Issar[1//1]PN'PN$Tariba-Issar	qpn-x-people.x001460
@saao/saa01%akk-x-neoass:{1}pa-ta-mu-u=Patamu[1//1]PN'PN$Patamu	qpn-x-people.x001148
@saao/saa01%akk-x-neoass:{1}a-ši-pa-a=Ašipa[1//1]PN'PN$Ašipa	qpn-x-people.x000204
@saao/saa01%akk-x-neoass:{1}gur₂-di-i=Gurdi[1//1]PN'PN$Gurdi	qpn-x-people.x000582
@saao/saa01%akk-x-neoass:{1}{d}MES-MU-AŠ=Marduk-šumu-iddina[1//1]PN'PN$Marduk-šumu-iddina	qpn-x-people.x000890
@saao/saa01%akk-x-neoass:{1}qa-ni-e=Qanni[1//1]PN'PN$Qanni	qpn-x-people.x001156
@saao/saa01%akk-x-neoass:{1}{d}30-PAB-MEŠ-SU=Sin-ahhe-eriba[Sennacherib//Sennacherib]PN'PN$Sin-ahhe-eriba	qpn-x-people.x001290
@saao/saa01%akk-x-neoass:{1}{d}PA-EN-MU-MEŠ=Nabu-bel-šumati[1//1]PN'PN$Nabu-bel-šumati	qpn-x-people.x000942
@saao/saa01%akk-x-neoass:{1}aš-šur-MU-GIN-in=Aššur-šumu-kaʾʾin[1//1]PN'PN$Aššur-šumu-kaʾʾin	qpn-x-people.x000346
@saao/saa01%akk-x-neoass:{1}{d}PA-BAD₃-PAB=Nabu-duru-uṣur[1//1]PN'PN$Nabu-duru-uṣur	qpn-x-people.x000966
@saao/saa01%akk-x-neoass:{1}GIŠ.MI-EN=Ṣil-Bel[1//1]PN'PN$Ṣil-Bel	qpn-x-people.x001318
@saao/saa01%akk-x-neoass:{1}EN-liq-bi=Bel-liqbi[1//1]PN'PN$Bel-liqbi	qpn-x-people.x000460
@saao/saa01%akk-x-neoass:{1}ba-hi-a-ni=Bahianu[1//1]PN'PN$Bahiani	qpn-x-people.x000362
@saao/saa01%akk-x-neoass:{1}{d}PA-mu-šal-lim=Nabu-mušallim[1//1]PN'PN$Nabu-mušallim	qpn-x-people.x000998
@saao/saa01%akk-x-neoass:{1}DUG₃.GA-GIŠ.MI-E₂.ŠAR₂.RA=Ṭab-ṣil-Ešarra[1//1]PN'PN$Ṭab-ṣil-Ešarra	qpn-x-people.x001492
@saao/saa01%akk-x-neoass:{1}gi-ri-U.U=Gir-Dadi[1//1]PN'PN$Gir-Dadi	qpn-x-people.x000574
@saao/saa01%akk-x-neoass:{1}man-nu-ki-aš-šur-ZU=Mannu-ki-Aššur-leʾi[1//1]PN'PN$Mannu-ki-Aššur-leʾi	qpn-x-people.x000842
@saao/saa01%akk-x-neoass:{1}{d}15.KA₂-APIN-eš=Kubaba-ereš[1//1]PN'PN$Kubaba-ereš	qpn-x-people.x000778
@saao/saa01%akk-x-neoass:{1}aš-šur-MAN-DU₃=Aššur-šarru-ibni[1//1]PN'PN$Aššur-šarru-ibni	qpn-x-people.x000330
@saao/saa01%akk-x-neoass:{1}hu-uh-hi=Huhhu[1//1]PN'PN$Huhhi	qpn-x-people.x000598
@saao/saa01%akk-x-neoass:{1}LUGAL-IGI.LAL-a-ni=Šarru-emuranni[1//1]PN'PN$Šarru-emuranni	qpn-x-people.x001374
@saao/saa01%akk-x-neoass:{1}EN-GIŠ=Bel-lešir[1//1]PN'PN$Bel-lešir	qpn-x-people.x000452
@saao/saa01%akk-x-neoass:{1}GIŠ.MI-{d}UTU=Ṣil-Šamaš[1//1]PN'PN$Ṣil-Šamaš	qpn-x-people.x001326
