@saao/saa01%akk-x-neoass:{ITI}ŠU=Duʾuzu[Tammuz//Tammuz]MN'MN$Taʾuzi	qpn-x-months.x000040
@saao/saa01%akk-x-neoass:{ITI}DU₆=Tašritu[Tishri//Tishri]MN'MN$Tašriti	qpn-x-months.x000092
@saao/saa01%akk-x-neoass:{ITI}SIG₄=Simanu[Sivan//Sivan]MN'MN$Simani	qpn-x-months.x000076
@saao/saa01%akk-x-neoass:{ITI}KIN=Elulu[Elul//Elul]MN'MN$Eluli	qpn-x-months.x000048
@saao/saa01%akk-x-neoass:{ITI}ŠE=Addaru[Adar//Adar]MN'MN$Addari	qpn-x-months.x000008
@saao/saa01%akk-x-neoass:{ITI}APIN=Arahsamnu[Marchesvan//Marchesvan]MN'MN$Arahsamni	qpn-x-months.x000016
@saao/saa01%akk-x-neoass:{ITI}GAN=Kislimu[Kislev//Kislev]MN'MN$Kislimi	qpn-x-months.x000056
@saao/saa01%akk-x-neoass:{ITI}BARAG=Nisannu[Nisan//Nisan]MN'MN$Nisannu	qpn-x-months.x000064
{dir Addari[Intercalary Adar//Intercalary Adar]MN'MN}::@saao%akk-x-neoass:{ITI}DIRI.ŠE=dīru[intercalation//intercalation]N'N$dīr++@saao%akk-x-neoass:{ITI}DIRI.ŠE=Addaru[Adar//Adar]MN'MN$Addari	qpn-x-months.x000032
@saao/saa01%akk-x-neoass:{ITI}ZIZ₂=Šabaṭu[Shebat//Shebat]MN'MN$Šabaṭi	qpn-x-months.x000084
@saao/saa01%akk-x-neoass:{ITI}AB=Ṭebetu[Tebet//Tebet]MN'MN$Ṭebeti	qpn-x-months.x000100
@saao/saa01%akk-x-neoass:{ITI}BARAG=Nisannu[Nisan//Nisan]MN'MN$Nisanni	qpn-x-months.x000064
@saao/saa01%akk-x-neoass:{ITI}GUD=Ayaru[Iyyar//Iyyar]MN'MN$Ayari	qpn-x-months.x000024
@saao/saa01%akk-x-neoass:{ITI}NE=Abu[Ab//Ab]MN'MN$Abi	qpn-x-months.x000000
